172.70.114.97 - - [29/Jan/2025:11:53:38 +0000] "POST //xmlrpc.php HTTP/1.1" 200 3885 "-" "Mozilla/5.0 (Windows NT 10.0; Win64; x64) AppleWebKit/537.36 (KHTML, like Gecko) Chrome/80.0.3987.149 Safari/537.36"
172.70.114.97 - - [29/Jan/2025:11:53:38 +0000] "POST //xmlrpc.php HTTP/1.1" 200 3885 "-" "Mozilla/5.0 (Windows NT 10.0; Win64; x64) AppleWebKit/537.36 (KHTML, like Gecko) Chrome/80.0.3987.149 Safari/537.36"
172.70.114.96 - - [29/Jan/2025:11:53:38 +0000] "POST //xmlrpc.php HTTP/1.1" 200 3885 "-" "Mozilla/5.0 (Windows NT 10.0; Win64; x64) AppleWebKit/537.36 (KHTML, like Gecko) Chrome/80.0.3987.149 Safari/537.36"
172.70.114.96 - - [29/Jan/2025:11:53:38 +0000] "POST //xmlrpc.php HTTP/1.1" 200 3885 "-" "Mozilla/5.0 (Windows NT 10.0; Win64; x64) AppleWebKit/537.36 (KHTML, like Gecko) Chrome/80.0.3987.149 Safari/537.36"
172.70.114.96 - - [29/Jan/2025:11:53:38 +0000] "POST //xmlrpc.php HTTP/1.1" 200 3885 "-" "Mozilla/5.0 (Windows NT 10.0; Win64; x64) AppleWebKit/537.36 (KHTML, like Gecko) Chrome/80.0.3987.149 Safari/537.36"
172.70.114.97 - - [29/Jan/2025:11:53:39 +0000] "POST //xmlrpc.php HTTP/1.1" 200 3885 "-" "Mozilla/5.0 (Windows NT 10.0; Win64; x64) AppleWebKit/537.36 (KHTML, like Gecko) Chrome/80.0.3987.149 Safari/537.36"
172.70.114.96 - - [29/Jan/2025:11:53:39 +0000] "POST //xmlrpc.php HTTP/1.1" 200 3885 "-" "Mozilla/5.0 (Windows NT 10.0; Win64; x64) AppleWebKit/537.36 (KHTML, like Gecko) Chrome/80.0.3987.149 Safari/537.36"
172.70.114.96 - - [29/Jan/2025:11:53:39 +0000] "POST //xmlrpc.php HTTP/1.1" 200 3885 "-" "Mozilla/5.0 (Windows NT 10.0; Win64; x64) AppleWebKit/537.36 (KHTML, like Gecko) Chrome/80.0.3987.149 Safari/537.36"
172.70.114.96 - - [29/Jan/2025:11:53:39 +0000] "POST //xmlrpc.php HTTP/1.1" 200 3885 "-" "Mozilla/5.0 (Windows NT 10.0; Win64; x64) AppleWebKit/537.36 (KHTML, like Gecko) Chrome/80.0.3987.149 Safari/537.36"
172.70.114.96 - - [29/Jan/2025:11:53:39 +0000] "POST //xmlrpc.php HTTP/1.1" 200 3885 "-" "Mozilla/5.0 (Windows NT 10.0; Win64; x64) AppleWebKit/537.36 (KHTML, like Gecko) Chrome/80.0.3987.149 Safari/537.36"
172.70.114.96 - - [29/Jan/2025:11:53:39 +0000] "POST //xmlrpc.php HTTP/1.1" 200 3885 "-" "Mozilla/5.0 (Windows NT 10.0; Win64; x64) AppleWebKit/537.36 (KHTML, like Gecko) Chrome/80.0.3987.149 Safari/537.36"
172.70.114.97 - - [29/Jan/2025:11:53:40 +0000] "POST //xmlrpc.php HTTP/1.1" 200 3885 "-" "Mozilla/5.0 (Windows NT 10.0; Win64; x64) AppleWebKit/537.36 (KHTML, like Gecko) Chrome/80.0.3987.149 Safari/537.36"
172.70.114.96 - - [29/Jan/2025:11:53:40 +0000] "POST //xmlrpc.php HTTP/1.1" 200 3885 "-" "Mozilla/5.0 (Windows NT 10.0; Win64; x64) AppleWebKit/537.36 (KHTML, like Gecko) Chrome/80.0.3987.149 Safari/537.36"
172.70.114.96 - - [29/Jan/2025:11:53:40 +0000] "POST //xmlrpc.php HTTP/1.1" 200 3885 "-" "Mozilla/5.0 (Windows NT 10.0; Win64; x64) AppleWebKit/537.36 (KHTML, like Gecko) Chrome/80.0.3987.149 Safari/537.36"
172.70.114.97 - - [29/Jan/2025:11:53:40 +0000] "POST //xmlrpc.php HTTP/1.1" 200 3885 "-" "Mozilla/5.0 (Windows NT 10.0; Win64; x64) AppleWebKit/537.36 (KHTML, like Gecko) Chrome/80.0.3987.149 Safari/537.36"
172.70.114.96 - - [29/Jan/2025:11:53:40 +0000] "POST //xmlrpc.php HTTP/1.1" 200 3885 "-" "Mozilla/5.0 (Windows NT 10.0; Win64; x64) AppleWebKit/537.36 (KHTML, like Gecko) Chrome/80.0.3987.149 Safari/537.36"
172.70.114.97 - - [29/Jan/2025:11:53:40 +0000] "POST //xmlrpc.php HTTP/1.1" 200 3885 "-" "Mozilla/5.0 (Windows NT 10.0; Win64; x64) AppleWebKit/537.36 (KHTML, like Gecko) Chrome/80.0.3987.149 Safari/537.36"
172.70.114.97 - - [29/Jan/2025:11:53:40 +0000] "POST //xmlrpc.php HTTP/1.1" 200 3885 "-" "Mozilla/5.0 (Windows NT 10.0; Win64; x64) AppleWebKit/537.36 (KHTML, like Gecko) Chrome/80.0.3987.149 Safari/537.36"
172.70.114.97 - - [29/Jan/2025:11:53:41 +0000] "POST //xmlrpc.php HTTP/1.1" 200 3885 "-" "Mozilla/5.0 (Windows NT 10.0; Win64; x64) AppleWebKit/537.36 (KHTML, like Gecko) Chrome/80.0.3987.149 Safari/537.36"
172.70.114.96 - - [29/Jan/2025:11:53:41 +0000] "POST //xmlrpc.php HTTP/1.1" 200 3885 "-" "Mozilla/5.0 (Windows NT 10.0; Win64; x64) AppleWebKit/537.36 (KHTML, like Gecko) Chrome/80.0.3987.149 Safari/537.36"
172.70.114.97 - - [29/Jan/2025:11:53:41 +0000] "POST //xmlrpc.php HTTP/1.1" 200 3885 "-" "Mozilla/5.0 (Windows NT 10.0; Win64; x64) AppleWebKit/537.36 (KHTML, like Gecko) Chrome/80.0.3987.149 Safari/537.36"
172.70.114.97 - - [29/Jan/2025:11:53:41 +0000] "POST //xmlrpc.php HTTP/1.1" 200 3885 "-" "Mozilla/5.0 (Windows NT 10.0; Win64; x64) AppleWebKit/537.36 (KHTML, like Gecko) Chrome/80.0.3987.149 Safari/537.36"
172.70.114.96 - - [29/Jan/2025:11:53:41 +0000] "POST //xmlrpc.php HTTP/1.1" 200 3885 "-" "Mozilla/5.0 (Windows NT 10.0; Win64; x64) AppleWebKit/537.36 (KHTML, like Gecko) Chrome/80.0.3987.149 Safari/537.36"
172.70.114.96 - - [29/Jan/2025:11:53:41 +0000] "POST //xmlrpc.php HTTP/1.1" 200 3885 "-" "Mozilla/5.0 (Windows NT 10.0; Win64; x64) AppleWebKit/537.36 (KHTML, like Gecko) Chrome/80.0.3987.149 Safari/537.36"
172.70.114.96 - - [29/Jan/2025:11:53:42 +0000] "POST //xmlrpc.php HTTP/1.1" 200 3885 "-" "Mozilla/5.0 (Windows NT 10.0; Win64; x64) AppleWebKit/537.36 (KHTML, like Gecko) Chrome/80.0.3987.149 Safari/537.36"
172.70.114.97 - - [29/Jan/2025:11:53:42 +0000] "POST //xmlrpc.php HTTP/1.1" 200 3885 "-" "Mozilla/5.0 (Windows NT 10.0; Win64; x64) AppleWebKit/537.36 (KHTML, like Gecko) Chrome/80.0.3987.149 Safari/537.36"
172.70.114.97 - - [29/Jan/2025:11:53:42 +0000] "POST //xmlrpc.php HTTP/1.1" 200 3885 "-" "Mozilla/5.0 (Windows NT 10.0; Win64; x64) AppleWebKit/537.36 (KHTML, like Gecko) Chrome/80.0.3987.149 Safari/537.36"
172.70.114.97 - - [29/Jan/2025:11:53:42 +0000] "POST //xmlrpc.php HTTP/1.1" 200 3885 "-" "Mozilla/5.0 (Windows NT 10.0; Win64; x64) AppleWebKit/537.36 (KHTML, like Gecko) Chrome/80.0.3987.149 Safari/537.36"
172.70.114.97 - - [29/Jan/2025:11:53:42 +0000] "POST //xmlrpc.php HTTP/1.1" 200 3885 "-" "Mozilla/5.0 (Windows NT 10.0; Win64; x64) AppleWebKit/537.36 (KHTML, like Gecko) Chrome/80.0.3987.149 Safari/537.36"
172.70.114.97 - - [29/Jan/2025:11:53:42 +0000] "POST //xmlrpc.php HTTP/1.1" 200 3885 "-" "Mozilla/5.0 (Windows NT 10.0; Win64; x64) AppleWebKit/537.36 (KHTML, like Gecko) Chrome/80.0.3987.149 Safari/537.36"
172.70.114.96 - - [29/Jan/2025:11:53:43 +0000] "POST //xmlrpc.php HTTP/1.1" 200 3885 "-" "Mozilla/5.0 (Windows NT 10.0; Win64; x64) AppleWebKit/537.36 (KHTML, like Gecko) Chrome/80.0.3987.149 Safari/537.36"
172.70.114.96 - - [29/Jan/2025:11:53:43 +0000] "POST //xmlrpc.php HTTP/1.1" 200 3885 "-" "Mozilla/5.0 (Windows NT 10.0; Win64; x64) AppleWebKit/537.36 (KHTML, like Gecko) Chrome/80.0.3987.149 Safari/537.36"
172.70.114.97 - - [29/Jan/2025:11:53:43 +0000] "POST //xmlrpc.php HTTP/1.1" 200 3885 "-" "Mozilla/5.0 (Windows NT 10.0; Win64; x64) AppleWebKit/537.36 (KHTML, like Gecko) Chrome/80.0.3987.149 Safari/537.36"
172.70.114.97 - - [29/Jan/2025:11:53:43 +0000] "POST //xmlrpc.php HTTP/1.1" 200 3885 "-" "Mozilla/5.0 (Windows NT 10.0; Win64; x64) AppleWebKit/537.36 (KHTML, like Gecko) Chrome/80.0.3987.149 Safari/537.36"
172.70.114.97 - - [29/Jan/2025:11:53:43 +0000] "POST //xmlrpc.php HTTP/1.1" 200 3885 "-" "Mozilla/5.0 (Windows NT 10.0; Win64; x64) AppleWebKit/537.36 (KHTML, like Gecko) Chrome/80.0.3987.149 Safari/537.36"
172.70.114.96 - - [29/Jan/2025:11:53:43 +0000] "POST //xmlrpc.php HTTP/1.1" 200 3885 "-" "Mozilla/5.0 (Windows NT 10.0; Win64; x64) AppleWebKit/537.36 (KHTML, like Gecko) Chrome/80.0.3987.149 Safari/537.36"
172.70.114.97 - - [29/Jan/2025:11:53:44 +0000] "POST //xmlrpc.php HTTP/1.1" 200 3885 "-" "Mozilla/5.0 (Windows NT 10.0; Win64; x64) AppleWebKit/537.36 (KHTML, like Gecko) Chrome/80.0.3987.149 Safari/537.36"
172.70.114.96 - - [29/Jan/2025:11:53:44 +0000] "POST //xmlrpc.php HTTP/1.1" 200 3885 "-" "Mozilla/5.0 (Windows NT 10.0; Win64; x64) AppleWebKit/537.36 (KHTML, like Gecko) Chrome/80.0.3987.149 Safari/537.36"
172.70.114.97 - - [29/Jan/2025:11:53:44 +0000] "POST //xmlrpc.php HTTP/1.1" 200 3885 "-" "Mozilla/5.0 (Windows NT 10.0; Win64; x64) AppleWebKit/537.36 (KHTML, like Gecko) Chrome/80.0.3987.149 Safari/537.36"
172.70.114.97 - - [29/Jan/2025:11:53:44 +0000] "POST //xmlrpc.php HTTP/1.1" 200 3885 "-" "Mozilla/5.0 (Windows NT 10.0; Win64; x64) AppleWebKit/537.36 (KHTML, like Gecko) Chrome/80.0.3987.149 Safari/537.36"
172.70.114.96 - - [29/Jan/2025:11:53:44 +0000] "POST //xmlrpc.php HTTP/1.1" 200 3885 "-" "Mozilla/5.0 (Windows NT 10.0; Win64; x64) AppleWebKit/537.36 (KHTML, like Gecko) Chrome/80.0.3987.149 Safari/537.36"
172.70.114.97 - - [29/Jan/2025:11:53:44 +0000] "POST //xmlrpc.php HTTP/1.1" 200 3885 "-" "Mozilla/5.0 (Windows NT 10.0; Win64; x64) AppleWebKit/537.36 (KHTML, like Gecko) Chrome/80.0.3987.149 Safari/537.36"
172.70.114.97 - - [29/Jan/2025:11:53:44 +0000] "POST //xmlrpc.php HTTP/1.1" 200 3885 "-" "Mozilla/5.0 (Windows NT 10.0; Win64; x64) AppleWebKit/537.36 (KHTML, like Gecko) Chrome/80.0.3987.149 Safari/537.36"
172.70.114.97 - - [29/Jan/2025:11:53:45 +0000] "POST //xmlrpc.php HTTP/1.1" 200 3885 "-" "Mozilla/5.0 (Windows NT 10.0; Win64; x64) AppleWebKit/537.36 (KHTML, like Gecko) Chrome/80.0.3987.149 Safari/537.36"
172.70.114.96 - - [29/Jan/2025:11:53:45 +0000] "POST //xmlrpc.php HTTP/1.1" 200 3885 "-" "Mozilla/5.0 (Windows NT 10.0; Win64; x64) AppleWebKit/537.36 (KHTML, like Gecko) Chrome/80.0.3987.149 Safari/537.36"
172.70.114.96 - - [29/Jan/2025:11:53:45 +0000] "POST //xmlrpc.php HTTP/1.1" 200 3885 "-" "Mozilla/5.0 (Windows NT 10.0; Win64; x64) AppleWebKit/537.36 (KHTML, like Gecko) Chrome/80.0.3987.149 Safari/537.36"
172.70.114.97 - - [29/Jan/2025:11:53:45 +0000] "POST //xmlrpc.php HTTP/1.1" 200 3885 "-" "Mozilla/5.0 (Windows NT 10.0; Win64; x64) AppleWebKit/537.36 (KHTML, like Gecko) Chrome/80.0.3987.149 Safari/537.36"
172.70.114.97 - - [29/Jan/2025:11:53:45 +0000] "POST //xmlrpc.php HTTP/1.1" 200 3885 "-" "Mozilla/5.0 (Windows NT 10.0; Win64; x64) AppleWebKit/537.36 (KHTML, like Gecko) Chrome/80.0.3987.149 Safari/537.36"
172.70.114.96 - - [29/Jan/2025:11:53:45 +0000] "POST //xmlrpc.php HTTP/1.1" 200 3885 "-" "Mozilla/5.0 (Windows NT 10.0; Win64; x64) AppleWebKit/537.36 (KHTML, like Gecko) Chrome/80.0.3987.149 Safari/537.36"
162.158.126.172 - - [29/Jan/2025:11:54:03 +0000] "POST /wp-admin/admin-ajax.php?action=podcast_player_bg_jobs&nonce=081eb82c8c HTTP/1.1" 401 4149 "-" "WordPress/6.7.1; https://rootly.com"
162.158.127.180 - - [29/Jan/2025:11:54:03 +0000] "POST /wp-cron.php?doing_wp_cron=1738151643.3689129352569580078125 HTTP/1.1" 200 3751 "-" "WordPress/6.7.1; https://rootly.com"
162.158.127.12 - - [29/Jan/2025:11:54:03 +0000] "POST /wp-admin/admin-ajax.php?action=podcast_player_bg_jobs&nonce=081eb82c8c HTTP/1.1" 401 4149 "-" "WordPress/6.7.1; https://rootly.com"
172.71.134.91 - - [29/Jan/2025:11:54:03 +0000] "GET /2023/12/13/turn-data-security-compliance-into-a-business-advantage/ HTTP/1.1" 200 47802 "-" "Mozilla/5.0 (Macintosh; Intel Mac OS X 10_15_7) AppleWebKit/537.36 (KHTML, like Gecko) Chrome/127.0.0 Safari/537.36"
162.158.127.12 - - [29/Jan/2025:11:54:07 +0000] "POST /wp-admin/admin-ajax.php?action=podcast_player_bg_jobs&nonce=081eb82c8c HTTP/1.1" 401 830 "-" "WordPress/6.7.1; https://rootly.com"
172.70.111.194 - - [29/Jan/2025:11:54:07 +0000] "GET /2024/03/18/getting-started-with-platform-engineering-security-and-compliance/ HTTP/1.1" 200 42957 "-" "Mozilla/5.0 (Macintosh; Intel Mac OS X 10_15_7) AppleWebKit/537.36 (KHTML, like Gecko) Chrome/127.0.0 Safari/537.36"
167.94.146.48 - - [29/Jan/2025:11:57:06 +0000] "GET / HTTP/1.1" 200 78560 "-" "-"
167.94.146.48 - - [29/Jan/2025:11:57:09 +0000] "GET / HTTP/1.1" 301 3620 "-" "Mozilla/5.0 (compatible; CensysInspect/1.1; +https://about.censys.io/)"
172.71.144.124 - - [29/Jan/2025:11:57:19 +0000] "GET / HTTP/1.1" 200 31078 "-" "Mozilla/5.0 (compatible; CensysInspect/1.1; +https://about.censys.io/)"
172.71.164.46 - - [29/Jan/2025:11:57:19 +0000] "GET /wp-content/uploads/2024/01/favicon.png HTTP/1.1" 304 3687 "-" "Mozilla/5.0 (compatible; CensysInspect/1.1; +https://about.censys.io/)"
172.70.243.136 - - [29/Jan/2025:11:57:20 +0000] "GET /favicon.ico HTTP/1.1" 200 3704 "-" "Mozilla/5.0 (compatible; CensysInspect/1.1; +https://about.censys.io/)"
134.199.71.70 - - [29/Jan/2025:11:57:53 +0000] "GET /2024/12/16/road-to-kubecon-na-2024-matteo-bianchi/ HTTP/1.1" 200 25383 "-" "Mozilla/5.0 (Macintosh; Intel Mac OS X 10_15_7) AppleWebKit/537.36 (KHTML, like Gecko) Chrome/127.0.0 Safari/537.36"
134.199.89.246 - - [29/Jan/2025:11:57:56 +0000] "GET /2024/12/16/road-to-kubecon-na-2024-orlin-vasilev/ HTTP/1.1" 200 25216 "-" "Mozilla/5.0 (Macintosh; Intel Mac OS X 10_15_7) AppleWebKit/537.36 (KHTML, like Gecko) Chrome/127.0.0 Safari/537.36"
158.46.181.219 - - [29/Jan/2025:11:58:22 +0000] "GET /2024/12/02/road-to-kubecon-na-2024-arsh-sharma/ HTTP/1.1" 200 25034 "-" "Mozilla/5.0 (Macintosh; Intel Mac OS X 10_15_7) AppleWebKit/537.36 (KHTML, like Gecko) Chrome/127.0.0 Safari/537.36"
134.199.67.28 - - [29/Jan/2025:11:58:23 +0000] "GET /2024/12/16/road-to-kubecon-na-2024-marino-wijay/ HTTP/1.1" 200 25383 "-" "Mozilla/5.0 (Macintosh; Intel Mac OS X 10_15_7) AppleWebKit/537.36 (KHTML, like Gecko) Chrome/127.0.0 Safari/537.36"
185.107.57.64 - - [29/Jan/2025:11:59:26 +0000] "GET / HTTP/1.1" 301 527 "sylvainkalache.com" "Mozilla/5.0 (Windows NT 10.0; Win64; x64) AppleWebKit/537.36 (KHTML, like Gecko) Chrome/86.0.4240.114 YaBrowser/20.11.1.81 Yowser/2.5 Safari/537.36"
185.107.57.64 - - [29/Jan/2025:11:59:27 +0000] "GET / HTTP/1.1" 301 3670 "sylvainkalache.com" "Mozilla/5.0 (Windows NT 10.0; Win64; x64) AppleWebKit/537.36 (KHTML, like Gecko) Chrome/86.0.4240.114 YaBrowser/20.11.1.81 Yowser/2.5 Safari/537.36"
185.107.57.64 - - [29/Jan/2025:11:59:28 +0000] "GET / HTTP/1.1" 200 48782 "sylvainkalache.com" "Mozilla/5.0 (Windows NT 10.0; Win64; x64) AppleWebKit/537.36 (KHTML, like Gecko) Chrome/86.0.4240.114 YaBrowser/20.11.1.81 Yowser/2.5 Safari/537.36"
172.71.172.86 - - [29/Jan/2025:12:00:16 +0000] "GET / HTTP/1.1" 200 31077 "https://rootly.com" "Mozilla/5.0 (Windows NT 10.0; Win64; x64) AppleWebKit/537.36 (KHTML, like Gecko) Chrome/86.0.4240.114 YaBrowser/20.11.1.81 Yowser/2.5 Safari/537.36"
172.68.102.52 - - [29/Jan/2025:12:01:34 +0000] "GET /author/sylvain/page/2/ HTTP/1.1" 200 26879 "-" "Mozilla/5.0 (Macintosh; Intel Mac OS X 10_15_7) AppleWebKit/537.36 (KHTML, like Gecko) Chrome/127.0.0 Safari/537.36"
172.64.236.147 - - [29/Jan/2025:12:01:37 +0000] "GET /about-us/ HTTP/1.1" 200 30008 "-" "Mozilla/5.0 (Macintosh; Intel Mac OS X 10_15_7) AppleWebKit/537.36 (KHTML, like Gecko) Chrome/127.0.0 Safari/537.36"
223.109.255.140 - - [29/Jan/2025:12:02:07 +0000] "GET / HTTP/1.1" 301 558 "-" "Sogou web spider/4.0(+http://www.sogou.com/docs/help/webmasters.htm#07)"
223.109.255.140 - - [29/Jan/2025:12:02:08 +0000] "GET / HTTP/1.1" 200 14947 "-" "Sogou web spider/4.0(+http://www.sogou.com/docs/help/webmasters.htm#07)"
15.235.49.49 - - [29/Jan/2025:12:03:12 +0000] "POST /wp-cron.php?doing_wp_cron=1738152192.0338289737701416015625 HTTP/1.1" 200 3568 "-" "WordPress/6.7.1; https://rootly.com"
185.220.100.254 - - [29/Jan/2025:12:03:11 +0000] "GET / HTTP/1.1" 200 105896 "https://rootly.com" "Mozilla/5.0 (Windows NT 10.0; Win64; x64) AppleWebKit/537.36 (KHTML, like Gecko) Chrome/86.0.4240.114 YaBrowser/20.11.1.81 Yowser/2.5 Safari/537.36"
192.42.116.211 - - [29/Jan/2025:12:04:15 +0000] "GET / HTTP/1.1" 200 48782 "https://www.sylvainkalache.com" "Mozilla/5.0 (Windows NT 10.0; Win64; x64) AppleWebKit/537.36 (KHTML, like Gecko) Chrome/86.0.4240.114 YaBrowser/20.11.1.81 Yowser/2.5 Safari/537.36"
192.42.116.211 - - [29/Jan/2025:12:04:16 +0000] "GET /comments/feed HTTP/1.1" 301 3740 "https://www.sylvainkalache.com/comments/feed" "Mozilla/5.0 (Windows NT 10.0; Win64; x64) AppleWebKit/537.36 (KHTML, like Gecko) Chrome/86.0.4240.114 YaBrowser/20.11.1.81 Yowser/2.5 Safari/537.36"
192.42.116.211 - - [29/Jan/2025:12:04:16 +0000] "GET /comments/feed/ HTTP/1.1" 200 1403 "https://www.sylvainkalache.com/comments/feed" "Mozilla/5.0 (Windows NT 10.0; Win64; x64) AppleWebKit/537.36 (KHTML, like Gecko) Chrome/86.0.4240.114 YaBrowser/20.11.1.81 Yowser/2.5 Safari/537.36"
192.42.116.211 - - [29/Jan/2025:12:04:17 +0000] "GET /feed HTTP/1.1" 301 3731 "https://www.sylvainkalache.com/feed" "Mozilla/5.0 (Windows NT 10.0; Win64; x64) AppleWebKit/537.36 (KHTML, like Gecko) Chrome/86.0.4240.114 YaBrowser/20.11.1.81 Yowser/2.5 Safari/537.36"
192.42.116.211 - - [29/Jan/2025:12:04:17 +0000] "GET /feed/ HTTP/1.1" 200 1509 "https://www.sylvainkalache.com/feed" "Mozilla/5.0 (Windows NT 10.0; Win64; x64) AppleWebKit/537.36 (KHTML, like Gecko) Chrome/86.0.4240.114 YaBrowser/20.11.1.81 Yowser/2.5 Safari/537.36"
192.42.116.211 - - [29/Jan/2025:12:04:18 +0000] "GET /wp-json HTTP/1.1" 200 186047 "https://www.sylvainkalache.com/wp-json" "Mozilla/5.0 (Windows NT 10.0; Win64; x64) AppleWebKit/537.36 (KHTML, like Gecko) Chrome/86.0.4240.114 YaBrowser/20.11.1.81 Yowser/2.5 Safari/537.36"
192.42.116.211 - - [29/Jan/2025:12:04:19 +0000] "GET /wp-json/oembed/1.0/embed?url=https%3A%2F%2Fwww.sylvainkalache.com%2F HTTP/1.1" 200 6056 "https://www.sylvainkalache.com/wp-json/oembed/1.0/embed?url=https%3A%2F%2Fwww.sylvainkalache.com%2F" "Mozilla/5.0 (Windows NT 10.0; Win64; x64) AppleWebKit/537.36 (KHTML, like Gecko) Chrome/86.0.4240.114 YaBrowser/20.11.1.81 Yowser/2.5 Safari/537.36"
192.42.116.211 - - [29/Jan/2025:12:04:20 +0000] "GET /wp-json/oembed/1.0/embed?url=https%3A%2F%2Fwww.sylvainkalache.com%2F&format=xml HTTP/1.1" 200 6482 "https://www.sylvainkalache.com/wp-json/oembed/1.0/embed?url=https%3A%2F%2Fwww.sylvainkalache.com%2F&format=xml" "Mozilla/5.0 (Windows NT 10.0; Win64; x64) AppleWebKit/537.36 (KHTML, like Gecko) Chrome/86.0.4240.114 YaBrowser/20.11.1.81 Yowser/2.5 Safari/537.36"
192.42.116.211 - - [29/Jan/2025:12:04:21 +0000] "GET /wp-json/wp/v2/pages/7 HTTP/1.1" 200 31358 "https://www.sylvainkalache.com/wp-json/wp/v2/pages/7" "Mozilla/5.0 (Windows NT 10.0; Win64; x64) AppleWebKit/537.36 (KHTML, like Gecko) Chrome/86.0.4240.114 YaBrowser/20.11.1.81 Yowser/2.5 Safari/537.36"
192.42.116.211 - - [29/Jan/2025:12:04:22 +0000] "GET /xmlrpc.php?rsd HTTP/1.1" 200 4456 "https://www.sylvainkalache.com/xmlrpc.php?rsd" "Mozilla/5.0 (Windows NT 10.0; Win64; x64) AppleWebKit/537.36 (KHTML, like Gecko) Chrome/86.0.4240.114 YaBrowser/20.11.1.81 Yowser/2.5 Safari/537.36"
66.102.9.2 - - [29/Jan/2025:12:04:43 +0000] "HEAD /feed/rss HTTP/1.1" 301 370 "-" "FeedBurner/1.0 (http://www.FeedBurner.com)"
66.102.9.2 - - [29/Jan/2025:12:04:43 +0000] "HEAD /feed/ HTTP/1.1" 200 356 "-" "FeedBurner/1.0 (http://www.FeedBurner.com)"
162.158.126.172 - - [29/Jan/2025:12:05:07 +0000] "POST /wp-admin/admin-ajax.php?action=podcast_player_bg_jobs&nonce=f30770a27c HTTP/1.1" 401 4149 "-" "WordPress/6.7.1; https://rootly.com"
162.158.88.115 - - [29/Jan/2025:12:05:07 +0000] "GET / HTTP/1.1" 200 27695 "-" "Mozilla/5.0 (Windows NT 10.0; Win64; x64) AppleWebKit/537.36 (KHTML, like Gecko) Chrome/78.0.3904.108 Safari/537.36"
162.158.127.47 - - [29/Jan/2025:12:05:08 +0000] "POST /wp-admin/admin-ajax.php?action=podcast_player_bg_jobs&nonce=f30770a27c HTTP/1.1" 401 4149 "-" "WordPress/6.7.1; https://rootly.com"
162.158.88.115 - - [29/Jan/2025:12:05:08 +0000] "GET //wp-includes/wlwmanifest.xml HTTP/1.1" 301 543 "-" "Mozilla/5.0 (Windows NT 10.0; Win64; x64) AppleWebKit/537.36 (KHTML, like Gecko) Chrome/78.0.3904.108 Safari/537.36"
162.158.127.47 - - [29/Jan/2025:12:05:08 +0000] "POST /wp-admin/admin-ajax.php?action=podcast_player_bg_jobs&nonce=f30770a27c HTTP/1.1" 401 830 "-" "WordPress/6.7.1; https://rootly.com"
162.158.88.115 - - [29/Jan/2025:12:05:08 +0000] "GET //xmlrpc.php?rsd HTTP/1.1" 200 673 "-" "Mozilla/5.0 (Windows NT 10.0; Win64; x64) AppleWebKit/537.36 (KHTML, like Gecko) Chrome/78.0.3904.108 Safari/537.36"
162.158.127.180 - - [29/Jan/2025:12:05:08 +0000] "POST /wp-admin/admin-ajax.php?action=podcast_player_bg_jobs&nonce=f30770a27c HTTP/1.1" 401 4149 "-" "WordPress/6.7.1; https://rootly.com"
162.158.88.115 - - [29/Jan/2025:12:05:08 +0000] "GET //?author=1 HTTP/1.1" 301 438 "-" "Mozilla/5.0 (Windows NT 10.0; Win64; x64) AppleWebKit/537.36 (KHTML, like Gecko) Chrome/78.0.3904.108 Safari/537.36"
162.158.127.180 - - [29/Jan/2025:12:05:09 +0000] "POST /wp-admin/admin-ajax.php?action=podcast_player_bg_jobs&nonce=f30770a27c HTTP/1.1" 401 830 "-" "WordPress/6.7.1; https://rootly.com"
162.158.88.115 - - [29/Jan/2025:12:05:09 +0000] "GET //?author=2 HTTP/1.1" 301 525 "-" "Mozilla/5.0 (Windows NT 10.0; Win64; x64) AppleWebKit/537.36 (KHTML, like Gecko) Chrome/78.0.3904.108 Safari/537.36"
162.158.127.11 - - [29/Jan/2025:12:05:09 +0000] "POST /wp-admin/admin-ajax.php?action=podcast_player_bg_jobs&nonce=f30770a27c HTTP/1.1" 401 4149 "-" "WordPress/6.7.1; https://rootly.com"
162.158.88.115 - - [29/Jan/2025:12:05:09 +0000] "GET //wp-json/wp/v2/users/ HTTP/1.1" 200 2546 "-" "Mozilla/5.0 (Windows NT 10.0; Win64; x64) AppleWebKit/537.36 (KHTML, like Gecko) Chrome/78.0.3904.108 Safari/537.36"
162.158.127.47 - - [29/Jan/2025:12:05:09 +0000] "POST /wp-admin/admin-ajax.php?action=podcast_player_bg_jobs&nonce=f30770a27c HTTP/1.1" 401 830 "-" "WordPress/6.7.1; https://rootly.com"
162.158.88.115 - - [29/Jan/2025:12:05:09 +0000] "GET //wp-json/oembed/1.0/embed?url=https://rootly.com/ HTTP/1.1" 200 1770 "-" "Mozilla/5.0 (Windows NT 10.0; Win64; x64) AppleWebKit/537.36 (KHTML, like Gecko) Chrome/78.0.3904.108 Safari/537.36"
162.158.127.11 - - [29/Jan/2025:12:05:10 +0000] "POST /wp-admin/admin-ajax.php?action=podcast_player_bg_jobs&nonce=f30770a27c HTTP/1.1" 401 830 "-" "WordPress/6.7.1; https://rootly.com"
162.158.88.115 - - [29/Jan/2025:12:05:10 +0000] "POST //xmlrpc.php HTTP/1.1" 200 565 "-" "Mozilla/5.0 (Windows NT 10.0; Win64; x64) AppleWebKit/537.36 (KHTML, like Gecko) Chrome/78.0.3904.108 Safari/537.36"
162.158.126.172 - - [29/Jan/2025:12:05:11 +0000] "POST /wp-admin/admin-ajax.php?action=podcast_player_bg_jobs&nonce=f30770a27c HTTP/1.1" 401 830 "-" "WordPress/6.7.1; https://rootly.com"
162.158.88.114 - - [29/Jan/2025:12:05:11 +0000] "POST //xmlrpc.php HTTP/1.1" 200 3883 "-" "Mozilla/5.0 (Windows NT 10.0; Win64; x64) AppleWebKit/537.36 (KHTML, like Gecko) Chrome/78.0.3904.108 Safari/537.36"
162.158.127.11 - - [29/Jan/2025:12:05:12 +0000] "POST /wp-admin/admin-ajax.php?action=podcast_player_bg_jobs&nonce=f30770a27c HTTP/1.1" 401 830 "-" "WordPress/6.7.1; https://rootly.com"
162.158.88.115 - - [29/Jan/2025:12:05:12 +0000] "POST //xmlrpc.php HTTP/1.1" 200 3902 "-" "Mozilla/5.0 (Windows NT 10.0; Win64; x64) AppleWebKit/537.36 (KHTML, like Gecko) Chrome/78.0.3904.108 Safari/537.36"
162.158.127.11 - - [29/Jan/2025:12:05:12 +0000] "POST /wp-admin/admin-ajax.php?action=podcast_player_bg_jobs&nonce=f30770a27c HTTP/1.1" 401 830 "-" "WordPress/6.7.1; https://rootly.com"
162.158.88.115 - - [29/Jan/2025:12:05:12 +0000] "POST //xmlrpc.php HTTP/1.1" 200 3902 "-" "Mozilla/5.0 (Windows NT 10.0; Win64; x64) AppleWebKit/537.36 (KHTML, like Gecko) Chrome/78.0.3904.108 Safari/537.36"
162.158.126.172 - - [29/Jan/2025:12:05:13 +0000] "POST /wp-admin/admin-ajax.php?action=podcast_player_bg_jobs&nonce=f30770a27c HTTP/1.1" 401 830 "-" "WordPress/6.7.1; https://rootly.com"
162.158.88.115 - - [29/Jan/2025:12:05:13 +0000] "POST //xmlrpc.php HTTP/1.1" 200 3883 "-" "Mozilla/5.0 (Windows NT 10.0; Win64; x64) AppleWebKit/537.36 (KHTML, like Gecko) Chrome/78.0.3904.108 Safari/537.36"
162.158.127.47 - - [29/Jan/2025:12:05:14 +0000] "POST /wp-admin/admin-ajax.php?action=podcast_player_bg_jobs&nonce=f30770a27c HTTP/1.1" 401 830 "-" "WordPress/6.7.1; https://rootly.com"
162.158.88.115 - - [29/Jan/2025:12:05:14 +0000] "POST //xmlrpc.php HTTP/1.1" 200 3902 "-" "Mozilla/5.0 (Windows NT 10.0; Win64; x64) AppleWebKit/537.36 (KHTML, like Gecko) Chrome/78.0.3904.108 Safari/537.36"
162.158.127.179 - - [29/Jan/2025:12:05:15 +0000] "POST /wp-admin/admin-ajax.php?action=podcast_player_bg_jobs&nonce=f30770a27c HTTP/1.1" 401 4149 "-" "WordPress/6.7.1; https://rootly.com"
162.158.88.115 - - [29/Jan/2025:12:05:15 +0000] "POST //xmlrpc.php HTTP/1.1" 200 3902 "-" "Mozilla/5.0 (Windows NT 10.0; Win64; x64) AppleWebKit/537.36 (KHTML, like Gecko) Chrome/78.0.3904.108 Safari/537.36"
162.158.127.179 - - [29/Jan/2025:12:05:16 +0000] "POST /wp-admin/admin-ajax.php?action=podcast_player_bg_jobs&nonce=f30770a27c HTTP/1.1" 401 830 "-" "WordPress/6.7.1; https://rootly.com"
162.158.88.115 - - [29/Jan/2025:12:05:16 +0000] "POST //xmlrpc.php HTTP/1.1" 200 3902 "-" "Mozilla/5.0 (Windows NT 10.0; Win64; x64) AppleWebKit/537.36 (KHTML, like Gecko) Chrome/78.0.3904.108 Safari/537.36"
162.158.126.172 - - [29/Jan/2025:12:05:17 +0000] "POST /wp-admin/admin-ajax.php?action=podcast_player_bg_jobs&nonce=f30770a27c HTTP/1.1" 401 830 "-" "WordPress/6.7.1; https://rootly.com"
162.158.88.114 - - [29/Jan/2025:12:05:17 +0000] "POST //xmlrpc.php HTTP/1.1" 200 3902 "-" "Mozilla/5.0 (Windows NT 10.0; Win64; x64) AppleWebKit/537.36 (KHTML, like Gecko) Chrome/78.0.3904.108 Safari/537.36"
162.158.127.11 - - [29/Jan/2025:12:05:18 +0000] "POST /wp-admin/admin-ajax.php?action=podcast_player_bg_jobs&nonce=f30770a27c HTTP/1.1" 401 4149 "-" "WordPress/6.7.1; https://rootly.com"
162.158.88.114 - - [29/Jan/2025:12:05:18 +0000] "POST //xmlrpc.php HTTP/1.1" 200 3902 "-" "Mozilla/5.0 (Windows NT 10.0; Win64; x64) AppleWebKit/537.36 (KHTML, like Gecko) Chrome/78.0.3904.108 Safari/537.36"
162.158.127.179 - - [29/Jan/2025:12:05:19 +0000] "POST /wp-admin/admin-ajax.php?action=podcast_player_bg_jobs&nonce=f30770a27c HTTP/1.1" 401 830 "-" "WordPress/6.7.1; https://rootly.com"
162.158.88.115 - - [29/Jan/2025:12:05:19 +0000] "POST //xmlrpc.php HTTP/1.1" 200 3902 "-" "Mozilla/5.0 (Windows NT 10.0; Win64; x64) AppleWebKit/537.36 (KHTML, like Gecko) Chrome/78.0.3904.108 Safari/537.36"
162.158.127.179 - - [29/Jan/2025:12:05:20 +0000] "POST /wp-admin/admin-ajax.php?action=podcast_player_bg_jobs&nonce=f30770a27c HTTP/1.1" 401 830 "-" "WordPress/6.7.1; https://rootly.com"
162.158.88.115 - - [29/Jan/2025:12:05:20 +0000] "POST //xmlrpc.php HTTP/1.1" 200 3902 "-" "Mozilla/5.0 (Windows NT 10.0; Win64; x64) AppleWebKit/537.36 (KHTML, like Gecko) Chrome/78.0.3904.108 Safari/537.36"
162.158.126.172 - - [29/Jan/2025:12:05:21 +0000] "POST /wp-admin/admin-ajax.php?action=podcast_player_bg_jobs&nonce=f30770a27c HTTP/1.1" 401 830 "-" "WordPress/6.7.1; https://rootly.com"
162.158.88.114 - - [29/Jan/2025:12:05:21 +0000] "POST //xmlrpc.php HTTP/1.1" 200 3902 "-" "Mozilla/5.0 (Windows NT 10.0; Win64; x64) AppleWebKit/537.36 (KHTML, like Gecko) Chrome/78.0.3904.108 Safari/537.36"
162.158.127.48 - - [29/Jan/2025:12:05:22 +0000] "POST /wp-admin/admin-ajax.php?action=podcast_player_bg_jobs&nonce=f30770a27c HTTP/1.1" 401 4149 "-" "WordPress/6.7.1; https://rootly.com"
162.158.88.115 - - [29/Jan/2025:12:05:21 +0000] "POST //xmlrpc.php HTTP/1.1" 200 3902 "-" "Mozilla/5.0 (Windows NT 10.0; Win64; x64) AppleWebKit/537.36 (KHTML, like Gecko) Chrome/78.0.3904.108 Safari/537.36"
162.158.127.11 - - [29/Jan/2025:12:05:22 +0000] "POST /wp-admin/admin-ajax.php?action=podcast_player_bg_jobs&nonce=f30770a27c HTTP/1.1" 401 830 "-" "WordPress/6.7.1; https://rootly.com"
162.158.88.114 - - [29/Jan/2025:12:05:22 +0000] "POST //xmlrpc.php HTTP/1.1" 200 3902 "-" "Mozilla/5.0 (Windows NT 10.0; Win64; x64) AppleWebKit/537.36 (KHTML, like Gecko) Chrome/78.0.3904.108 Safari/537.36"
162.158.126.172 - - [29/Jan/2025:12:05:23 +0000] "POST /wp-admin/admin-ajax.php?action=podcast_player_bg_jobs&nonce=f30770a27c HTTP/1.1" 401 830 "-" "WordPress/6.7.1; https://rootly.com"
162.158.88.114 - - [29/Jan/2025:12:05:23 +0000] "POST //xmlrpc.php HTTP/1.1" 200 3902 "-" "Mozilla/5.0 (Windows NT 10.0; Win64; x64) AppleWebKit/537.36 (KHTML, like Gecko) Chrome/78.0.3904.108 Safari/537.36"
162.158.127.179 - - [29/Jan/2025:12:05:24 +0000] "POST /wp-admin/admin-ajax.php?action=podcast_player_bg_jobs&nonce=f30770a27c HTTP/1.1" 401 830 "-" "WordPress/6.7.1; https://rootly.com"
162.158.88.114 - - [29/Jan/2025:12:05:24 +0000] "POST //xmlrpc.php HTTP/1.1" 200 3902 "-" "Mozilla/5.0 (Windows NT 10.0; Win64; x64) AppleWebKit/537.36 (KHTML, like Gecko) Chrome/78.0.3904.108 Safari/537.36"
162.158.126.172 - - [29/Jan/2025:12:05:25 +0000] "POST /wp-admin/admin-ajax.php?action=podcast_player_bg_jobs&nonce=f30770a27c HTTP/1.1" 401 830 "-" "WordPress/6.7.1; https://rootly.com"
162.158.88.114 - - [29/Jan/2025:12:05:25 +0000] "POST //xmlrpc.php HTTP/1.1" 200 3902 "-" "Mozilla/5.0 (Windows NT 10.0; Win64; x64) AppleWebKit/537.36 (KHTML, like Gecko) Chrome/78.0.3904.108 Safari/537.36"
162.158.126.172 - - [29/Jan/2025:12:05:26 +0000] "POST /wp-admin/admin-ajax.php?action=podcast_player_bg_jobs&nonce=f30770a27c HTTP/1.1" 401 830 "-" "WordPress/6.7.1; https://rootly.com"
162.158.88.114 - - [29/Jan/2025:12:05:26 +0000] "POST //xmlrpc.php HTTP/1.1" 200 3902 "-" "Mozilla/5.0 (Windows NT 10.0; Win64; x64) AppleWebKit/537.36 (KHTML, like Gecko) Chrome/78.0.3904.108 Safari/537.36"
162.158.127.47 - - [29/Jan/2025:12:05:27 +0000] "POST /wp-admin/admin-ajax.php?action=podcast_player_bg_jobs&nonce=f30770a27c HTTP/1.1" 401 4149 "-" "WordPress/6.7.1; https://rootly.com"
162.158.88.114 - - [29/Jan/2025:12:05:27 +0000] "POST //xmlrpc.php HTTP/1.1" 200 3902 "-" "Mozilla/5.0 (Windows NT 10.0; Win64; x64) AppleWebKit/537.36 (KHTML, like Gecko) Chrome/78.0.3904.108 Safari/537.36"
162.158.127.11 - - [29/Jan/2025:12:05:28 +0000] "POST /wp-admin/admin-ajax.php?action=podcast_player_bg_jobs&nonce=f30770a27c HTTP/1.1" 401 4149 "-" "WordPress/6.7.1; https://rootly.com"
162.158.88.114 - - [29/Jan/2025:12:05:28 +0000] "POST //xmlrpc.php HTTP/1.1" 200 3902 "-" "Mozilla/5.0 (Windows NT 10.0; Win64; x64) AppleWebKit/537.36 (KHTML, like Gecko) Chrome/78.0.3904.108 Safari/537.36"
162.158.127.179 - - [29/Jan/2025:12:05:29 +0000] "POST /wp-admin/admin-ajax.php?action=podcast_player_bg_jobs&nonce=f30770a27c HTTP/1.1" 401 830 "-" "WordPress/6.7.1; https://rootly.com"
162.158.88.114 - - [29/Jan/2025:12:05:28 +0000] "POST //xmlrpc.php HTTP/1.1" 200 3902 "-" "Mozilla/5.0 (Windows NT 10.0; Win64; x64) AppleWebKit/537.36 (KHTML, like Gecko) Chrome/78.0.3904.108 Safari/537.36"
162.158.127.11 - - [29/Jan/2025:12:05:29 +0000] "POST /wp-admin/admin-ajax.php?action=podcast_player_bg_jobs&nonce=f30770a27c HTTP/1.1" 401 830 "-" "WordPress/6.7.1; https://rootly.com"
162.158.88.115 - - [29/Jan/2025:12:05:29 +0000] "POST //xmlrpc.php HTTP/1.1" 200 3902 "-" "Mozilla/5.0 (Windows NT 10.0; Win64; x64) AppleWebKit/537.36 (KHTML, like Gecko) Chrome/78.0.3904.108 Safari/537.36"
162.158.126.172 - - [29/Jan/2025:12:05:30 +0000] "POST /wp-admin/admin-ajax.php?action=podcast_player_bg_jobs&nonce=f30770a27c HTTP/1.1" 401 830 "-" "WordPress/6.7.1; https://rootly.com"
162.158.88.115 - - [29/Jan/2025:12:05:30 +0000] "POST //xmlrpc.php HTTP/1.1" 200 3902 "-" "Mozilla/5.0 (Windows NT 10.0; Win64; x64) AppleWebKit/537.36 (KHTML, like Gecko) Chrome/78.0.3904.108 Safari/537.36"
162.158.127.11 - - [29/Jan/2025:12:05:31 +0000] "POST /wp-admin/admin-ajax.php?action=podcast_player_bg_jobs&nonce=f30770a27c HTTP/1.1" 401 830 "-" "WordPress/6.7.1; https://rootly.com"
162.158.88.114 - - [29/Jan/2025:12:05:31 +0000] "POST //xmlrpc.php HTTP/1.1" 200 3902 "-" "Mozilla/5.0 (Windows NT 10.0; Win64; x64) AppleWebKit/537.36 (KHTML, like Gecko) Chrome/78.0.3904.108 Safari/537.36"
162.158.127.48 - - [29/Jan/2025:12:05:32 +0000] "POST /wp-admin/admin-ajax.php?action=podcast_player_bg_jobs&nonce=f30770a27c HTTP/1.1" 401 4149 "-" "WordPress/6.7.1; https://rootly.com"
162.158.88.115 - - [29/Jan/2025:12:05:32 +0000] "POST //xmlrpc.php HTTP/1.1" 200 3902 "-" "Mozilla/5.0 (Windows NT 10.0; Win64; x64) AppleWebKit/537.36 (KHTML, like Gecko) Chrome/78.0.3904.108 Safari/537.36"
162.158.127.48 - - [29/Jan/2025:12:05:33 +0000] "POST /wp-admin/admin-ajax.php?action=podcast_player_bg_jobs&nonce=f30770a27c HTTP/1.1" 401 830 "-" "WordPress/6.7.1; https://rootly.com"
162.158.88.115 - - [29/Jan/2025:12:05:33 +0000] "POST //xmlrpc.php HTTP/1.1" 200 3902 "-" "Mozilla/5.0 (Windows NT 10.0; Win64; x64) AppleWebKit/537.36 (KHTML, like Gecko) Chrome/78.0.3904.108 Safari/537.36"
162.158.127.11 - - [29/Jan/2025:12:05:34 +0000] "POST /wp-admin/admin-ajax.php?action=podcast_player_bg_jobs&nonce=f30770a27c HTTP/1.1" 401 830 "-" "WordPress/6.7.1; https://rootly.com"
162.158.88.114 - - [29/Jan/2025:12:05:34 +0000] "POST //xmlrpc.php HTTP/1.1" 200 3902 "-" "Mozilla/5.0 (Windows NT 10.0; Win64; x64) AppleWebKit/537.36 (KHTML, like Gecko) Chrome/78.0.3904.108 Safari/537.36"
162.158.127.48 - - [29/Jan/2025:12:05:35 +0000] "POST /wp-admin/admin-ajax.php?action=podcast_player_bg_jobs&nonce=f30770a27c HTTP/1.1" 401 830 "-" "WordPress/6.7.1; https://rootly.com"
162.158.88.115 - - [29/Jan/2025:12:05:35 +0000] "POST //xmlrpc.php HTTP/1.1" 200 3902 "-" "Mozilla/5.0 (Windows NT 10.0; Win64; x64) AppleWebKit/537.36 (KHTML, like Gecko) Chrome/78.0.3904.108 Safari/537.36"
162.158.126.172 - - [29/Jan/2025:12:05:36 +0000] "POST /wp-admin/admin-ajax.php?action=podcast_player_bg_jobs&nonce=f30770a27c HTTP/1.1" 401 4149 "-" "WordPress/6.7.1; https://rootly.com"
162.158.88.115 - - [29/Jan/2025:12:05:36 +0000] "POST //xmlrpc.php HTTP/1.1" 200 3902 "-" "Mozilla/5.0 (Windows NT 10.0; Win64; x64) AppleWebKit/537.36 (KHTML, like Gecko) Chrome/78.0.3904.108 Safari/537.36"
162.158.127.11 - - [29/Jan/2025:12:05:37 +0000] "POST /wp-admin/admin-ajax.php?action=podcast_player_bg_jobs&nonce=f30770a27c HTTP/1.1" 401 830 "-" "WordPress/6.7.1; https://rootly.com"
162.158.88.115 - - [29/Jan/2025:12:05:37 +0000] "POST //xmlrpc.php HTTP/1.1" 200 3902 "-" "Mozilla/5.0 (Windows NT 10.0; Win64; x64) AppleWebKit/537.36 (KHTML, like Gecko) Chrome/78.0.3904.108 Safari/537.36"
162.158.127.48 - - [29/Jan/2025:12:05:38 +0000] "POST /wp-admin/admin-ajax.php?action=podcast_player_bg_jobs&nonce=f30770a27c HTTP/1.1" 401 830 "-" "WordPress/6.7.1; https://rootly.com"
162.158.88.114 - - [29/Jan/2025:12:05:38 +0000] "POST //xmlrpc.php HTTP/1.1" 200 3902 "-" "Mozilla/5.0 (Windows NT 10.0; Win64; x64) AppleWebKit/537.36 (KHTML, like Gecko) Chrome/78.0.3904.108 Safari/537.36"
162.158.127.11 - - [29/Jan/2025:12:05:39 +0000] "POST /wp-admin/admin-ajax.php?action=podcast_player_bg_jobs&nonce=f30770a27c HTTP/1.1" 401 830 "-" "WordPress/6.7.1; https://rootly.com"
162.158.88.114 - - [29/Jan/2025:12:05:39 +0000] "POST //xmlrpc.php HTTP/1.1" 200 3902 "-" "Mozilla/5.0 (Windows NT 10.0; Win64; x64) AppleWebKit/537.36 (KHTML, like Gecko) Chrome/78.0.3904.108 Safari/537.36"
162.158.127.11 - - [29/Jan/2025:12:05:40 +0000] "POST /wp-admin/admin-ajax.php?action=podcast_player_bg_jobs&nonce=f30770a27c HTTP/1.1" 401 830 "-" "WordPress/6.7.1; https://rootly.com"
162.158.88.115 - - [29/Jan/2025:12:05:40 +0000] "POST //xmlrpc.php HTTP/1.1" 200 3902 "-" "Mozilla/5.0 (Windows NT 10.0; Win64; x64) AppleWebKit/537.36 (KHTML, like Gecko) Chrome/78.0.3904.108 Safari/537.36"
162.158.127.11 - - [29/Jan/2025:12:05:41 +0000] "POST /wp-admin/admin-ajax.php?action=podcast_player_bg_jobs&nonce=f30770a27c HTTP/1.1" 401 830 "-" "WordPress/6.7.1; https://rootly.com"
162.158.88.115 - - [29/Jan/2025:12:05:40 +0000] "POST //xmlrpc.php HTTP/1.1" 200 3902 "-" "Mozilla/5.0 (Windows NT 10.0; Win64; x64) AppleWebKit/537.36 (KHTML, like Gecko) Chrome/78.0.3904.108 Safari/537.36"
162.158.127.48 - - [29/Jan/2025:12:05:41 +0000] "POST /wp-admin/admin-ajax.php?action=podcast_player_bg_jobs&nonce=f30770a27c HTTP/1.1" 401 830 "-" "WordPress/6.7.1; https://rootly.com"
162.158.88.115 - - [29/Jan/2025:12:05:41 +0000] "POST //xmlrpc.php HTTP/1.1" 200 3902 "-" "Mozilla/5.0 (Windows NT 10.0; Win64; x64) AppleWebKit/537.36 (KHTML, like Gecko) Chrome/78.0.3904.108 Safari/537.36"
162.158.127.48 - - [29/Jan/2025:12:05:42 +0000] "POST /wp-admin/admin-ajax.php?action=podcast_player_bg_jobs&nonce=f30770a27c HTTP/1.1" 401 830 "-" "WordPress/6.7.1; https://rootly.com"
162.158.88.115 - - [29/Jan/2025:12:05:42 +0000] "POST //xmlrpc.php HTTP/1.1" 200 3902 "-" "Mozilla/5.0 (Windows NT 10.0; Win64; x64) AppleWebKit/537.36 (KHTML, like Gecko) Chrome/78.0.3904.108 Safari/537.36"
162.158.127.48 - - [29/Jan/2025:12:05:43 +0000] "POST /wp-admin/admin-ajax.php?action=podcast_player_bg_jobs&nonce=f30770a27c HTTP/1.1" 401 830 "-" "WordPress/6.7.1; https://rootly.com"
162.158.88.114 - - [29/Jan/2025:12:05:43 +0000] "POST //xmlrpc.php HTTP/1.1" 200 3902 "-" "Mozilla/5.0 (Windows NT 10.0; Win64; x64) AppleWebKit/537.36 (KHTML, like Gecko) Chrome/78.0.3904.108 Safari/537.36"
162.158.127.180 - - [29/Jan/2025:12:05:44 +0000] "POST /wp-admin/admin-ajax.php?action=podcast_player_bg_jobs&nonce=f30770a27c HTTP/1.1" 401 4149 "-" "WordPress/6.7.1; https://rootly.com"
162.158.88.115 - - [29/Jan/2025:12:05:44 +0000] "POST //xmlrpc.php HTTP/1.1" 200 3902 "-" "Mozilla/5.0 (Windows NT 10.0; Win64; x64) AppleWebKit/537.36 (KHTML, like Gecko) Chrome/78.0.3904.108 Safari/537.36"
162.158.127.11 - - [29/Jan/2025:12:05:45 +0000] "POST /wp-admin/admin-ajax.php?action=podcast_player_bg_jobs&nonce=f30770a27c HTTP/1.1" 401 830 "-" "WordPress/6.7.1; https://rootly.com"
162.158.88.114 - - [29/Jan/2025:12:05:45 +0000] "POST //xmlrpc.php HTTP/1.1" 200 3902 "-" "Mozilla/5.0 (Windows NT 10.0; Win64; x64) AppleWebKit/537.36 (KHTML, like Gecko) Chrome/78.0.3904.108 Safari/537.36"
162.158.127.11 - - [29/Jan/2025:12:05:46 +0000] "POST /wp-admin/admin-ajax.php?action=podcast_player_bg_jobs&nonce=f30770a27c HTTP/1.1" 401 830 "-" "WordPress/6.7.1; https://rootly.com"
162.158.88.115 - - [29/Jan/2025:12:05:46 +0000] "POST //xmlrpc.php HTTP/1.1" 200 3902 "-" "Mozilla/5.0 (Windows NT 10.0; Win64; x64) AppleWebKit/537.36 (KHTML, like Gecko) Chrome/78.0.3904.108 Safari/537.36"
162.158.127.48 - - [29/Jan/2025:12:05:47 +0000] "POST /wp-admin/admin-ajax.php?action=podcast_player_bg_jobs&nonce=f30770a27c HTTP/1.1" 401 830 "-" "WordPress/6.7.1; https://rootly.com"
162.158.88.115 - - [29/Jan/2025:12:05:47 +0000] "POST //xmlrpc.php HTTP/1.1" 200 3902 "-" "Mozilla/5.0 (Windows NT 10.0; Win64; x64) AppleWebKit/537.36 (KHTML, like Gecko) Chrome/78.0.3904.108 Safari/537.36"
185.142.236.35 - - [29/Jan/2025:12:05:48 +0000] "GET / HTTP/1.1" 301 509 "-" "Mozilla/5.0 (Windows NT 6.1) AppleWebKit/537.36 (KHTML, like Gecko) Chrome/41.0.2228.0 Safari/537.36"
162.158.127.11 - - [29/Jan/2025:12:05:48 +0000] "POST /wp-admin/admin-ajax.php?action=podcast_player_bg_jobs&nonce=f30770a27c HTTP/1.1" 401 830 "-" "WordPress/6.7.1; https://rootly.com"
185.142.236.35 - - [29/Jan/2025:12:05:48 +0000] "GET /robots.txt HTTP/1.1" 301 529 "-" "-"
162.158.88.115 - - [29/Jan/2025:12:05:48 +0000] "POST //xmlrpc.php HTTP/1.1" 200 3902 "-" "Mozilla/5.0 (Windows NT 10.0; Win64; x64) AppleWebKit/537.36 (KHTML, like Gecko) Chrome/78.0.3904.108 Safari/537.36"
185.142.236.35 - - [29/Jan/2025:12:05:48 +0000] "GET /sitemap.xml HTTP/1.1" 404 94571 "-" "-"
162.158.127.11 - - [29/Jan/2025:12:05:49 +0000] "POST /wp-admin/admin-ajax.php?action=podcast_player_bg_jobs&nonce=f30770a27c HTTP/1.1" 401 830 "-" "WordPress/6.7.1; https://rootly.com"
185.142.236.35 - - [29/Jan/2025:12:05:49 +0000] "GET /.well-known/security.txt HTTP/1.1" 404 94677 "-" "-"
162.158.88.115 - - [29/Jan/2025:12:05:49 +0000] "POST //xmlrpc.php HTTP/1.1" 200 3902 "-" "Mozilla/5.0 (Windows NT 10.0; Win64; x64) AppleWebKit/537.36 (KHTML, like Gecko) Chrome/78.0.3904.108 Safari/537.36"
162.158.127.179 - - [29/Jan/2025:12:05:50 +0000] "POST /wp-admin/admin-ajax.php?action=podcast_player_bg_jobs&nonce=f30770a27c HTTP/1.1" 401 4149 "-" "WordPress/6.7.1; https://rootly.com"
162.158.88.115 - - [29/Jan/2025:12:05:50 +0000] "POST //xmlrpc.php HTTP/1.1" 200 3902 "-" "Mozilla/5.0 (Windows NT 10.0; Win64; x64) AppleWebKit/537.36 (KHTML, like Gecko) Chrome/78.0.3904.108 Safari/537.36"
185.142.236.35 - - [29/Jan/2025:12:05:50 +0000] "GET / HTTP/1.1" 301 3411 "-" "Mozilla/5.0 (X11; Linux x86_64) AppleWebKit/537.36 (KHTML, like Gecko) Chrome/98.0.4758.102 Safari/537.36"
162.158.127.179 - - [29/Jan/2025:12:05:51 +0000] "POST /wp-admin/admin-ajax.php?action=podcast_player_bg_jobs&nonce=f30770a27c HTTP/1.1" 401 830 "-" "WordPress/6.7.1; https://rootly.com"
162.158.88.115 - - [29/Jan/2025:12:05:51 +0000] "POST //xmlrpc.php HTTP/1.1" 200 3902 "-" "Mozilla/5.0 (Windows NT 10.0; Win64; x64) AppleWebKit/537.36 (KHTML, like Gecko) Chrome/78.0.3904.108 Safari/537.36"
162.158.126.172 - - [29/Jan/2025:12:05:52 +0000] "POST /wp-admin/admin-ajax.php?action=podcast_player_bg_jobs&nonce=f30770a27c HTTP/1.1" 401 4093 "-" "WordPress/6.7.1; https://rootly.com"
162.158.88.115 - - [29/Jan/2025:12:05:51 +0000] "POST //xmlrpc.php HTTP/1.1" 200 3902 "-" "Mozilla/5.0 (Windows NT 10.0; Win64; x64) AppleWebKit/537.36 (KHTML, like Gecko) Chrome/78.0.3904.108 Safari/537.36"
162.158.127.179 - - [29/Jan/2025:12:05:53 +0000] "POST /wp-admin/admin-ajax.php?action=podcast_player_bg_jobs&nonce=f30770a27c HTTP/1.1" 401 830 "-" "WordPress/6.7.1; https://rootly.com"
162.158.88.114 - - [29/Jan/2025:12:05:52 +0000] "POST //xmlrpc.php HTTP/1.1" 200 3902 "-" "Mozilla/5.0 (Windows NT 10.0; Win64; x64) AppleWebKit/537.36 (KHTML, like Gecko) Chrome/78.0.3904.108 Safari/537.36"
185.142.236.35 - - [29/Jan/2025:12:05:53 +0000] "GET /favicon.ico HTTP/1.1" 200 308 "-" "Mozilla/5.0 (Windows NT 10.0; Win64; x64) AppleWebKit/537.36 (KHTML, like Gecko) Chrome/102.0.5005.63 Safari/537.36"
162.158.127.48 - - [29/Jan/2025:12:05:53 +0000] "POST /wp-admin/admin-ajax.php?action=podcast_player_bg_jobs&nonce=f30770a27c HTTP/1.1" 401 4149 "-" "WordPress/6.7.1; https://rootly.com"
162.158.88.115 - - [29/Jan/2025:12:05:53 +0000] "POST //xmlrpc.php HTTP/1.1" 200 3902 "-" "Mozilla/5.0 (Windows NT 10.0; Win64; x64) AppleWebKit/537.36 (KHTML, like Gecko) Chrome/78.0.3904.108 Safari/537.36"
162.158.127.48 - - [29/Jan/2025:12:05:54 +0000] "POST /wp-admin/admin-ajax.php?action=podcast_player_bg_jobs&nonce=f30770a27c HTTP/1.1" 401 830 "-" "WordPress/6.7.1; https://rootly.com"
162.158.88.115 - - [29/Jan/2025:12:05:54 +0000] "POST //xmlrpc.php HTTP/1.1" 200 3902 "-" "Mozilla/5.0 (Windows NT 10.0; Win64; x64) AppleWebKit/537.36 (KHTML, like Gecko) Chrome/78.0.3904.108 Safari/537.36"
185.142.236.35 - - [29/Jan/2025:12:05:54 +0000] "\n" 400 3629 "-" "-"
141.101.98.249 - - [29/Jan/2025:12:05:55 +0000] "GET /.env HTTP/1.1" 301 567 "-" "Mozilla/5.0 (X11; Linux x86_64) AppleWebKit/537.36 (KHTML, like Gecko) Chrome/81.0.4044.129 Safari/537.36"
172.68.186.59 - - [29/Jan/2025:12:05:55 +0000] "POST / HTTP/1.1" 301 559 "-" "Mozilla/5.0 (X11; Linux x86_64) AppleWebKit/537.36 (KHTML, like Gecko) Chrome/81.0.4044.129 Safari/537.36"
185.142.236.35 - - [29/Jan/2025:12:05:55 +0000] "\n" 400 3860 "-" "-"
185.142.236.35 - - [29/Jan/2025:12:05:55 +0000] "\n" 400 3860 "-" "-"
162.158.127.12 - - [29/Jan/2025:12:05:55 +0000] "POST /wp-admin/admin-ajax.php?action=podcast_player_bg_jobs&nonce=f30770a27c HTTP/1.1" 401 4149 "-" "WordPress/6.7.1; https://rootly.com"
162.158.88.115 - - [29/Jan/2025:12:05:55 +0000] "POST //xmlrpc.php HTTP/1.1" 200 3902 "-" "Mozilla/5.0 (Windows NT 10.0; Win64; x64) AppleWebKit/537.36 (KHTML, like Gecko) Chrome/78.0.3904.108 Safari/537.36"
185.142.236.35 - - [29/Jan/2025:12:05:56 +0000] "\n" 400 3860 "-" "-"
162.158.127.179 - - [29/Jan/2025:12:05:56 +0000] "POST /wp-admin/admin-ajax.php?action=podcast_player_bg_jobs&nonce=f30770a27c HTTP/1.1" 401 830 "-" "WordPress/6.7.1; https://rootly.com"
162.158.88.114 - - [29/Jan/2025:12:05:56 +0000] "POST //xmlrpc.php HTTP/1.1" 200 3902 "-" "Mozilla/5.0 (Windows NT 10.0; Win64; x64) AppleWebKit/537.36 (KHTML, like Gecko) Chrome/78.0.3904.108 Safari/537.36"
162.158.126.173 - - [29/Jan/2025:12:05:57 +0000] "POST /wp-admin/admin-ajax.php?action=podcast_player_bg_jobs&nonce=f30770a27c HTTP/1.1" 401 4149 "-" "WordPress/6.7.1; https://rootly.com"
162.158.88.115 - - [29/Jan/2025:12:05:57 +0000] "POST //xmlrpc.php HTTP/1.1" 200 3902 "-" "Mozilla/5.0 (Windows NT 10.0; Win64; x64) AppleWebKit/537.36 (KHTML, like Gecko) Chrome/78.0.3904.108 Safari/537.36"
162.158.127.12 - - [29/Jan/2025:12:05:58 +0000] "POST /wp-admin/admin-ajax.php?action=podcast_player_bg_jobs&nonce=f30770a27c HTTP/1.1" 401 830 "-" "WordPress/6.7.1; https://rootly.com"
162.158.88.114 - - [29/Jan/2025:12:05:58 +0000] "POST //xmlrpc.php HTTP/1.1" 200 3902 "-" "Mozilla/5.0 (Windows NT 10.0; Win64; x64) AppleWebKit/537.36 (KHTML, like Gecko) Chrome/78.0.3904.108 Safari/537.36"
162.158.127.179 - - [29/Jan/2025:12:05:59 +0000] "POST /wp-admin/admin-ajax.php?action=podcast_player_bg_jobs&nonce=f30770a27c HTTP/1.1" 401 830 "-" "WordPress/6.7.1; https://rootly.com"
162.158.88.115 - - [29/Jan/2025:12:05:59 +0000] "POST //xmlrpc.php HTTP/1.1" 200 3902 "-" "Mozilla/5.0 (Windows NT 10.0; Win64; x64) AppleWebKit/537.36 (KHTML, like Gecko) Chrome/78.0.3904.108 Safari/537.36"
185.142.236.35 - - [29/Jan/2025:12:06:00 +0000] "GET /robots.txt HTTP/1.1" 200 4506 "-" "-"
162.158.127.12 - - [29/Jan/2025:12:06:00 +0000] "POST /wp-admin/admin-ajax.php?action=podcast_player_bg_jobs&nonce=f30770a27c HTTP/1.1" 401 830 "-" "WordPress/6.7.1; https://rootly.com"
162.158.88.114 - - [29/Jan/2025:12:06:00 +0000] "POST //xmlrpc.php HTTP/1.1" 200 3902 "-" "Mozilla/5.0 (Windows NT 10.0; Win64; x64) AppleWebKit/537.36 (KHTML, like Gecko) Chrome/78.0.3904.108 Safari/537.36"
185.142.236.35 - - [29/Jan/2025:12:06:00 +0000] "GET /sitemap.xml HTTP/1.1" 404 98031 "-" "-"
162.158.126.173 - - [29/Jan/2025:12:06:01 +0000] "POST /wp-admin/admin-ajax.php?action=podcast_player_bg_jobs&nonce=f30770a27c HTTP/1.1" 401 830 "-" "WordPress/6.7.1; https://rootly.com"
162.158.88.115 - - [29/Jan/2025:12:06:01 +0000] "POST //xmlrpc.php HTTP/1.1" 200 3902 "-" "Mozilla/5.0 (Windows NT 10.0; Win64; x64) AppleWebKit/537.36 (KHTML, like Gecko) Chrome/78.0.3904.108 Safari/537.36"
185.142.236.35 - - [29/Jan/2025:12:06:01 +0000] "GET /.well-known/security.txt HTTP/1.1" 404 98137 "-" "-"
185.142.236.35 - - [29/Jan/2025:12:06:01 +0000] "GET /favicon.ico HTTP/1.1" 200 3683 "-" "Mozilla/5.0 (Windows NT 10.0; Win64; x64) AppleWebKit/537.36 (KHTML, like Gecko) Chrome/102.0.5005.63 Safari/537.36"
162.158.127.179 - - [29/Jan/2025:12:06:02 +0000] "POST /wp-admin/admin-ajax.php?action=podcast_player_bg_jobs&nonce=f30770a27c HTTP/1.1" 401 830 "-" "WordPress/6.7.1; https://rootly.com"
162.158.88.115 - - [29/Jan/2025:12:06:02 +0000] "POST //xmlrpc.php HTTP/1.1" 200 3902 "-" "Mozilla/5.0 (Windows NT 10.0; Win64; x64) AppleWebKit/537.36 (KHTML, like Gecko) Chrome/78.0.3904.108 Safari/537.36"
185.142.236.35 - - [29/Jan/2025:12:06:02 +0000] "\n" 400 4100 "-" "-"
162.158.126.173 - - [29/Jan/2025:12:06:03 +0000] "POST /wp-admin/admin-ajax.php?action=podcast_player_bg_jobs&nonce=f30770a27c HTTP/1.1" 401 830 "-" "WordPress/6.7.1; https://rootly.com"
162.158.88.114 - - [29/Jan/2025:12:06:03 +0000] "POST //xmlrpc.php HTTP/1.1" 200 3902 "-" "Mozilla/5.0 (Windows NT 10.0; Win64; x64) AppleWebKit/537.36 (KHTML, like Gecko) Chrome/78.0.3904.108 Safari/537.36"
162.158.127.179 - - [29/Jan/2025:12:06:04 +0000] "POST /wp-admin/admin-ajax.php?action=podcast_player_bg_jobs&nonce=f30770a27c HTTP/1.1" 401 830 "-" "WordPress/6.7.1; https://rootly.com"
162.158.88.115 - - [29/Jan/2025:12:06:03 +0000] "POST //xmlrpc.php HTTP/1.1" 200 3902 "-" "Mozilla/5.0 (Windows NT 10.0; Win64; x64) AppleWebKit/537.36 (KHTML, like Gecko) Chrome/78.0.3904.108 Safari/537.36"
185.142.236.35 - - [29/Jan/2025:12:06:03 +0000] "GET /aaa9 HTTP/1.1" 404 98335 "-" "Mozilla/5.0 (Windows NT 10.0; Win64; x64) AppleWebKit/537.36 (KHTML, like Gecko) Chrome/102.0.5005.63 Safari/537.36"
185.142.236.35 - - [29/Jan/2025:12:06:04 +0000] "GET /aad7 HTTP/1.1" 404 98335 "-" "Mozilla/5.0 (Windows NT 10.0; Win64; x64) AppleWebKit/537.36 (KHTML, like Gecko) Chrome/102.0.5005.63 Safari/537.36"
162.158.127.12 - - [29/Jan/2025:12:06:05 +0000] "POST /wp-admin/admin-ajax.php?action=podcast_player_bg_jobs&nonce=f30770a27c HTTP/1.1" 401 830 "-" "WordPress/6.7.1; https://rootly.com"
162.158.88.114 - - [29/Jan/2025:12:06:05 +0000] "POST //xmlrpc.php HTTP/1.1" 200 3902 "-" "Mozilla/5.0 (Windows NT 10.0; Win64; x64) AppleWebKit/537.36 (KHTML, like Gecko) Chrome/78.0.3904.108 Safari/537.36"
162.158.127.12 - - [29/Jan/2025:12:06:06 +0000] "POST /wp-admin/admin-ajax.php?action=podcast_player_bg_jobs&nonce=f30770a27c HTTP/1.1" 401 830 "-" "WordPress/6.7.1; https://rootly.com"
162.158.88.115 - - [29/Jan/2025:12:06:06 +0000] "POST //xmlrpc.php HTTP/1.1" 200 3902 "-" "Mozilla/5.0 (Windows NT 10.0; Win64; x64) AppleWebKit/537.36 (KHTML, like Gecko) Chrome/78.0.3904.108 Safari/537.36"
162.158.127.179 - - [29/Jan/2025:12:06:07 +0000] "POST /wp-admin/admin-ajax.php?action=podcast_player_bg_jobs&nonce=f30770a27c HTTP/1.1" 401 830 "-" "WordPress/6.7.1; https://rootly.com"
162.158.88.114 - - [29/Jan/2025:12:06:06 +0000] "POST //xmlrpc.php HTTP/1.1" 200 3902 "-" "Mozilla/5.0 (Windows NT 10.0; Win64; x64) AppleWebKit/537.36 (KHTML, like Gecko) Chrome/78.0.3904.108 Safari/537.36"
162.158.126.173 - - [29/Jan/2025:12:06:07 +0000] "POST /wp-admin/admin-ajax.php?action=podcast_player_bg_jobs&nonce=f30770a27c HTTP/1.1" 401 830 "-" "WordPress/6.7.1; https://rootly.com"
162.158.88.114 - - [29/Jan/2025:12:06:07 +0000] "POST //xmlrpc.php HTTP/1.1" 200 3902 "-" "Mozilla/5.0 (Windows NT 10.0; Win64; x64) AppleWebKit/537.36 (KHTML, like Gecko) Chrome/78.0.3904.108 Safari/537.36"
162.158.127.48 - - [29/Jan/2025:12:06:08 +0000] "POST /wp-admin/admin-ajax.php?action=podcast_player_bg_jobs&nonce=f30770a27c HTTP/1.1" 401 4149 "-" "WordPress/6.7.1; https://rootly.com"
162.158.88.114 - - [29/Jan/2025:12:06:08 +0000] "POST //xmlrpc.php HTTP/1.1" 200 3902 "-" "Mozilla/5.0 (Windows NT 10.0; Win64; x64) AppleWebKit/537.36 (KHTML, like Gecko) Chrome/78.0.3904.108 Safari/537.36"
162.158.127.48 - - [29/Jan/2025:12:06:09 +0000] "POST /wp-admin/admin-ajax.php?action=podcast_player_bg_jobs&nonce=f30770a27c HTTP/1.1" 401 830 "-" "WordPress/6.7.1; https://rootly.com"
162.158.88.115 - - [29/Jan/2025:12:06:09 +0000] "POST //xmlrpc.php HTTP/1.1" 200 3902 "-" "Mozilla/5.0 (Windows NT 10.0; Win64; x64) AppleWebKit/537.36 (KHTML, like Gecko) Chrome/78.0.3904.108 Safari/537.36"
