143.198.91.39 - - [29/Jan/2025:03:29:26 +0000] "POST //xmlrpc.php HTTP/1.1" 200 3813 "-" "Mozilla/5.0 (Windows NT 10.0; Win64; x64) AppleWebKit/537.36 (KHTML, like Gecko) Chrome/88.0.4240.193 Safari/537.36"
143.198.91.39 - - [29/Jan/2025:03:29:28 +0000] "POST //xmlrpc.php HTTP/1.1" 200 3813 "-" "Mozilla/5.0 (Windows NT 10.0; Win64; x64) AppleWebKit/537.36 (KHTML, like Gecko) Chrome/88.0.4240.193 Safari/537.36"
143.198.91.39 - - [29/Jan/2025:03:29:29 +0000] "POST //xmlrpc.php HTTP/1.1" 200 3813 "-" "Mozilla/5.0 (Windows NT 10.0; Win64; x64) AppleWebKit/537.36 (KHTML, like Gecko) Chrome/88.0.4240.193 Safari/537.36"
143.198.91.39 - - [29/Jan/2025:03:29:31 +0000] "POST //xmlrpc.php HTTP/1.1" 200 3813 "-" "Mozilla/5.0 (Windows NT 10.0; Win64; x64) AppleWebKit/537.36 (KHTML, like Gecko) Chrome/88.0.4240.193 Safari/537.36"
143.198.91.39 - - [29/Jan/2025:03:29:32 +0000] "POST //xmlrpc.php HTTP/1.1" 200 3813 "-" "Mozilla/5.0 (Windows NT 10.0; Win64; x64) AppleWebKit/537.36 (KHTML, like Gecko) Chrome/88.0.4240.193 Safari/537.36"
143.198.91.39 - - [29/Jan/2025:03:29:34 +0000] "POST //xmlrpc.php HTTP/1.1" 200 3813 "-" "Mozilla/5.0 (Windows NT 10.0; Win64; x64) AppleWebKit/537.36 (KHTML, like Gecko) Chrome/88.0.4240.193 Safari/537.36"
143.198.91.39 - - [29/Jan/2025:03:29:35 +0000] "POST //xmlrpc.php HTTP/1.1" 200 3813 "-" "Mozilla/5.0 (Windows NT 10.0; Win64; x64) AppleWebKit/537.36 (KHTML, like Gecko) Chrome/88.0.4240.193 Safari/537.36"
143.198.91.39 - - [29/Jan/2025:03:29:36 +0000] "POST //xmlrpc.php HTTP/1.1" 200 3813 "-" "Mozilla/5.0 (Windows NT 10.0; Win64; x64) AppleWebKit/537.36 (KHTML, like Gecko) Chrome/88.0.4240.193 Safari/537.36"
143.198.91.39 - - [29/Jan/2025:03:29:38 +0000] "POST //xmlrpc.php HTTP/1.1" 200 3813 "-" "Mozilla/5.0 (Windows NT 10.0; Win64; x64) AppleWebKit/537.36 (KHTML, like Gecko) Chrome/88.0.4240.193 Safari/537.36"
143.198.91.39 - - [29/Jan/2025:03:29:39 +0000] "POST //xmlrpc.php HTTP/1.1" 200 3813 "-" "Mozilla/5.0 (Windows NT 10.0; Win64; x64) AppleWebKit/537.36 (KHTML, like Gecko) Chrome/88.0.4240.193 Safari/537.36"
143.198.91.39 - - [29/Jan/2025:03:29:40 +0000] "POST //xmlrpc.php HTTP/1.1" 200 3813 "-" "Mozilla/5.0 (Windows NT 10.0; Win64; x64) AppleWebKit/537.36 (KHTML, like Gecko) Chrome/88.0.4240.193 Safari/537.36"
143.198.91.39 - - [29/Jan/2025:03:29:42 +0000] "POST //xmlrpc.php HTTP/1.1" 200 3813 "-" "Mozilla/5.0 (Windows NT 10.0; Win64; x64) AppleWebKit/537.36 (KHTML, like Gecko) Chrome/88.0.4240.193 Safari/537.36"
143.198.91.39 - - [29/Jan/2025:03:29:43 +0000] "POST //xmlrpc.php HTTP/1.1" 200 3813 "-" "Mozilla/5.0 (Windows NT 10.0; Win64; x64) AppleWebKit/537.36 (KHTML, like Gecko) Chrome/88.0.4240.193 Safari/537.36"
143.198.91.39 - - [29/Jan/2025:03:29:45 +0000] "POST //xmlrpc.php HTTP/1.1" 200 3813 "-" "Mozilla/5.0 (Windows NT 10.0; Win64; x64) AppleWebKit/537.36 (KHTML, like Gecko) Chrome/88.0.4240.193 Safari/537.36"
143.198.91.39 - - [29/Jan/2025:03:29:46 +0000] "POST //xmlrpc.php HTTP/1.1" 200 3813 "-" "Mozilla/5.0 (Windows NT 10.0; Win64; x64) AppleWebKit/537.36 (KHTML, like Gecko) Chrome/88.0.4240.193 Safari/537.36"
143.198.91.39 - - [29/Jan/2025:03:29:49 +0000] "POST //xmlrpc.php HTTP/1.1" 200 3813 "-" "Mozilla/5.0 (Windows NT 10.0; Win64; x64) AppleWebKit/537.36 (KHTML, like Gecko) Chrome/88.0.4240.193 Safari/537.36"
143.198.91.39 - - [29/Jan/2025:03:29:51 +0000] "POST //xmlrpc.php HTTP/1.1" 200 3813 "-" "Mozilla/5.0 (Windows NT 10.0; Win64; x64) AppleWebKit/537.36 (KHTML, like Gecko) Chrome/88.0.4240.193 Safari/537.36"
162.158.127.179 - - [29/Jan/2025:03:29:52 +0000] "POST /wp-admin/admin-ajax.php?action=podcast_player_bg_jobs&nonce=081eb82c8c HTTP/1.1" 401 4149 "-" "WordPress/6.7.1; https://rootly.com"
162.158.41.129 - - [29/Jan/2025:03:29:51 +0000] "GET /robots.txt HTTP/1.1" 200 3923 "-" "Mozilla/5.0 (compatible; Googlebot/2.1; +http://www.google.com/bot.html)"
162.158.127.47 - - [29/Jan/2025:03:29:52 +0000] "POST /wp-admin/admin-ajax.php?action=podcast_player_bg_jobs&nonce=081eb82c8c HTTP/1.1" 401 4149 "-" "WordPress/6.7.1; https://rootly.com"
172.68.23.4 - - [29/Jan/2025:03:29:52 +0000] "GET / HTTP/1.1" 200 27751 "-" "Mozilla/5.0 (Linux; Android 6.0.1; Nexus 5X Build/MMB29P) AppleWebKit/537.36 (KHTML, like Gecko) Chrome/132.0.6834.110 Mobile Safari/537.36 (compatible; Googlebot/2.1; +http://www.google.com/bot.html)"
143.198.91.39 - - [29/Jan/2025:03:29:54 +0000] "POST //xmlrpc.php HTTP/1.1" 200 3813 "-" "Mozilla/5.0 (Windows NT 10.0; Win64; x64) AppleWebKit/537.36 (KHTML, like Gecko) Chrome/88.0.4240.193 Safari/537.36"
143.198.91.39 - - [29/Jan/2025:03:29:55 +0000] "POST //xmlrpc.php HTTP/1.1" 200 3813 "-" "Mozilla/5.0 (Windows NT 10.0; Win64; x64) AppleWebKit/537.36 (KHTML, like Gecko) Chrome/88.0.4240.193 Safari/537.36"
143.198.91.39 - - [29/Jan/2025:03:29:57 +0000] "POST //xmlrpc.php HTTP/1.1" 200 3813 "-" "Mozilla/5.0 (Windows NT 10.0; Win64; x64) AppleWebKit/537.36 (KHTML, like Gecko) Chrome/88.0.4240.193 Safari/537.36"
143.198.91.39 - - [29/Jan/2025:03:29:58 +0000] "POST //xmlrpc.php HTTP/1.1" 200 3813 "-" "Mozilla/5.0 (Windows NT 10.0; Win64; x64) AppleWebKit/537.36 (KHTML, like Gecko) Chrome/88.0.4240.193 Safari/537.36"
143.198.91.39 - - [29/Jan/2025:03:29:59 +0000] "POST //xmlrpc.php HTTP/1.1" 200 3813 "-" "Mozilla/5.0 (Windows NT 10.0; Win64; x64) AppleWebKit/537.36 (KHTML, like Gecko) Chrome/88.0.4240.193 Safari/537.36"
143.198.91.39 - - [29/Jan/2025:03:30:01 +0000] "POST //xmlrpc.php HTTP/1.1" 200 3813 "-" "Mozilla/5.0 (Windows NT 10.0; Win64; x64) AppleWebKit/537.36 (KHTML, like Gecko) Chrome/88.0.4240.193 Safari/537.36"
143.198.91.39 - - [29/Jan/2025:03:30:03 +0000] "POST //xmlrpc.php HTTP/1.1" 200 3813 "-" "Mozilla/5.0 (Windows NT 10.0; Win64; x64) AppleWebKit/537.36 (KHTML, like Gecko) Chrome/88.0.4240.193 Safari/537.36"
143.198.91.39 - - [29/Jan/2025:03:30:04 +0000] "POST //xmlrpc.php HTTP/1.1" 200 3813 "-" "Mozilla/5.0 (Windows NT 10.0; Win64; x64) AppleWebKit/537.36 (KHTML, like Gecko) Chrome/88.0.4240.193 Safari/537.36"
143.198.91.39 - - [29/Jan/2025:03:30:06 +0000] "POST //xmlrpc.php HTTP/1.1" 200 3813 "-" "Mozilla/5.0 (Windows NT 10.0; Win64; x64) AppleWebKit/537.36 (KHTML, like Gecko) Chrome/88.0.4240.193 Safari/537.36"
143.198.91.39 - - [29/Jan/2025:03:30:07 +0000] "POST //xmlrpc.php HTTP/1.1" 200 3813 "-" "Mozilla/5.0 (Windows NT 10.0; Win64; x64) AppleWebKit/537.36 (KHTML, like Gecko) Chrome/88.0.4240.193 Safari/537.36"
143.198.91.39 - - [29/Jan/2025:03:30:09 +0000] "POST //xmlrpc.php HTTP/1.1" 200 3813 "-" "Mozilla/5.0 (Windows NT 10.0; Win64; x64) AppleWebKit/537.36 (KHTML, like Gecko) Chrome/88.0.4240.193 Safari/537.36"
143.198.91.39 - - [29/Jan/2025:03:30:10 +0000] "POST //xmlrpc.php HTTP/1.1" 200 3813 "-" "Mozilla/5.0 (Windows NT 10.0; Win64; x64) AppleWebKit/537.36 (KHTML, like Gecko) Chrome/88.0.4240.193 Safari/537.36"
172.71.151.99 - - [29/Jan/2025:03:30:10 +0000] "GET /wp-content/themes/betheme/css/be.min.css?ver=27.3.9 HTTP/1.1" 200 71040 "https://rootly.com/" "Mozilla/5.0 (Linux; Android 6.0.1; Nexus 5X Build/MMB29P) AppleWebKit/537.36 (KHTML, like Gecko) Chrome/131.0.6778.264 Mobile Safari/537.36 (compatible; Googlebot/2.1; +http://www.google.com/bot.html)"
143.198.91.39 - - [29/Jan/2025:03:30:11 +0000] "POST //xmlrpc.php HTTP/1.1" 200 3813 "-" "Mozilla/5.0 (Windows NT 10.0; Win64; x64) AppleWebKit/537.36 (KHTML, like Gecko) Chrome/88.0.4240.193 Safari/537.36"
143.198.91.39 - - [29/Jan/2025:03:30:13 +0000] "POST //xmlrpc.php HTTP/1.1" 200 3813 "-" "Mozilla/5.0 (Windows NT 10.0; Win64; x64) AppleWebKit/537.36 (KHTML, like Gecko) Chrome/88.0.4240.193 Safari/537.36"
143.198.91.39 - - [29/Jan/2025:03:30:14 +0000] "POST //xmlrpc.php HTTP/1.1" 200 3813 "-" "Mozilla/5.0 (Windows NT 10.0; Win64; x64) AppleWebKit/537.36 (KHTML, like Gecko) Chrome/88.0.4240.193 Safari/537.36"
143.198.91.39 - - [29/Jan/2025:03:30:16 +0000] "POST //xmlrpc.php HTTP/1.1" 200 3813 "-" "Mozilla/5.0 (Windows NT 10.0; Win64; x64) AppleWebKit/537.36 (KHTML, like Gecko) Chrome/88.0.4240.193 Safari/537.36"
143.198.91.39 - - [29/Jan/2025:03:30:17 +0000] "POST //xmlrpc.php HTTP/1.1" 200 3813 "-" "Mozilla/5.0 (Windows NT 10.0; Win64; x64) AppleWebKit/537.36 (KHTML, like Gecko) Chrome/88.0.4240.193 Safari/537.36"
143.198.91.39 - - [29/Jan/2025:03:30:19 +0000] "POST //xmlrpc.php HTTP/1.1" 200 3813 "-" "Mozilla/5.0 (Windows NT 10.0; Win64; x64) AppleWebKit/537.36 (KHTML, like Gecko) Chrome/88.0.4240.193 Safari/537.36"
143.198.91.39 - - [29/Jan/2025:03:30:20 +0000] "POST //xmlrpc.php HTTP/1.1" 200 3813 "-" "Mozilla/5.0 (Windows NT 10.0; Win64; x64) AppleWebKit/537.36 (KHTML, like Gecko) Chrome/88.0.4240.193 Safari/537.36"
143.198.91.39 - - [29/Jan/2025:03:30:21 +0000] "POST //xmlrpc.php HTTP/1.1" 200 3813 "-" "Mozilla/5.0 (Windows NT 10.0; Win64; x64) AppleWebKit/537.36 (KHTML, like Gecko) Chrome/88.0.4240.193 Safari/537.36"
143.198.91.39 - - [29/Jan/2025:03:30:23 +0000] "POST //xmlrpc.php HTTP/1.1" 200 3813 "-" "Mozilla/5.0 (Windows NT 10.0; Win64; x64) AppleWebKit/537.36 (KHTML, like Gecko) Chrome/88.0.4240.193 Safari/537.36"
143.198.91.39 - - [29/Jan/2025:03:30:25 +0000] "POST //xmlrpc.php HTTP/1.1" 200 3813 "-" "Mozilla/5.0 (Windows NT 10.0; Win64; x64) AppleWebKit/537.36 (KHTML, like Gecko) Chrome/88.0.4240.193 Safari/537.36"
143.198.91.39 - - [29/Jan/2025:03:30:26 +0000] "POST //xmlrpc.php HTTP/1.1" 200 3813 "-" "Mozilla/5.0 (Windows NT 10.0; Win64; x64) AppleWebKit/537.36 (KHTML, like Gecko) Chrome/88.0.4240.193 Safari/537.36"
143.198.91.39 - - [29/Jan/2025:03:30:27 +0000] "POST //xmlrpc.php HTTP/1.1" 200 3813 "-" "Mozilla/5.0 (Windows NT 10.0; Win64; x64) AppleWebKit/537.36 (KHTML, like Gecko) Chrome/88.0.4240.193 Safari/537.36"
143.198.91.39 - - [29/Jan/2025:03:30:29 +0000] "POST //xmlrpc.php HTTP/1.1" 200 3813 "-" "Mozilla/5.0 (Windows NT 10.0; Win64; x64) AppleWebKit/537.36 (KHTML, like Gecko) Chrome/88.0.4240.193 Safari/537.36"
143.198.91.39 - - [29/Jan/2025:03:30:31 +0000] "POST //xmlrpc.php HTTP/1.1" 200 3813 "-" "Mozilla/5.0 (Windows NT 10.0; Win64; x64) AppleWebKit/537.36 (KHTML, like Gecko) Chrome/88.0.4240.193 Safari/537.36"
143.198.91.39 - - [29/Jan/2025:03:30:33 +0000] "POST //xmlrpc.php HTTP/1.1" 200 3813 "-" "Mozilla/5.0 (Windows NT 10.0; Win64; x64) AppleWebKit/537.36 (KHTML, like Gecko) Chrome/88.0.4240.193 Safari/537.36"
143.198.91.39 - - [29/Jan/2025:03:30:34 +0000] "POST //xmlrpc.php HTTP/1.1" 200 3813 "-" "Mozilla/5.0 (Windows NT 10.0; Win64; x64) AppleWebKit/537.36 (KHTML, like Gecko) Chrome/88.0.4240.193 Safari/537.36"
143.198.91.39 - - [29/Jan/2025:03:30:35 +0000] "POST //xmlrpc.php HTTP/1.1" 200 3813 "-" "Mozilla/5.0 (Windows NT 10.0; Win64; x64) AppleWebKit/537.36 (KHTML, like Gecko) Chrome/88.0.4240.193 Safari/537.36"
143.198.91.39 - - [29/Jan/2025:03:30:37 +0000] "POST //xmlrpc.php HTTP/1.1" 200 3813 "-" "Mozilla/5.0 (Windows NT 10.0; Win64; x64) AppleWebKit/537.36 (KHTML, like Gecko) Chrome/88.0.4240.193 Safari/537.36"
143.198.91.39 - - [29/Jan/2025:03:30:38 +0000] "POST //xmlrpc.php HTTP/1.1" 200 3813 "-" "Mozilla/5.0 (Windows NT 10.0; Win64; x64) AppleWebKit/537.36 (KHTML, like Gecko) Chrome/88.0.4240.193 Safari/537.36"
143.198.91.39 - - [29/Jan/2025:03:30:40 +0000] "POST //xmlrpc.php HTTP/1.1" 200 3813 "-" "Mozilla/5.0 (Windows NT 10.0; Win64; x64) AppleWebKit/537.36 (KHTML, like Gecko) Chrome/88.0.4240.193 Safari/537.36"
143.198.91.39 - - [29/Jan/2025:03:30:41 +0000] "POST //xmlrpc.php HTTP/1.1" 200 3813 "-" "Mozilla/5.0 (Windows NT 10.0; Win64; x64) AppleWebKit/537.36 (KHTML, like Gecko) Chrome/88.0.4240.193 Safari/537.36"
143.198.91.39 - - [29/Jan/2025:03:30:43 +0000] "POST //xmlrpc.php HTTP/1.1" 200 3813 "-" "Mozilla/5.0 (Windows NT 10.0; Win64; x64) AppleWebKit/537.36 (KHTML, like Gecko) Chrome/88.0.4240.193 Safari/537.36"
143.198.91.39 - - [29/Jan/2025:03:30:44 +0000] "POST //xmlrpc.php HTTP/1.1" 200 3813 "-" "Mozilla/5.0 (Windows NT 10.0; Win64; x64) AppleWebKit/537.36 (KHTML, like Gecko) Chrome/88.0.4240.193 Safari/537.36"
143.198.91.39 - - [29/Jan/2025:03:30:47 +0000] "POST //xmlrpc.php HTTP/1.1" 200 3813 "-" "Mozilla/5.0 (Windows NT 10.0; Win64; x64) AppleWebKit/537.36 (KHTML, like Gecko) Chrome/88.0.4240.193 Safari/537.36"
143.198.91.39 - - [29/Jan/2025:03:30:48 +0000] "POST //xmlrpc.php HTTP/1.1" 200 3813 "-" "Mozilla/5.0 (Windows NT 10.0; Win64; x64) AppleWebKit/537.36 (KHTML, like Gecko) Chrome/88.0.4240.193 Safari/537.36"
143.198.91.39 - - [29/Jan/2025:03:30:50 +0000] "POST //xmlrpc.php HTTP/1.1" 200 3813 "-" "Mozilla/5.0 (Windows NT 10.0; Win64; x64) AppleWebKit/537.36 (KHTML, like Gecko) Chrome/88.0.4240.193 Safari/537.36"
143.198.91.39 - - [29/Jan/2025:03:30:51 +0000] "POST //xmlrpc.php HTTP/1.1" 200 3813 "-" "Mozilla/5.0 (Windows NT 10.0; Win64; x64) AppleWebKit/537.36 (KHTML, like Gecko) Chrome/88.0.4240.193 Safari/537.36"
143.198.91.39 - - [29/Jan/2025:03:30:53 +0000] "POST //xmlrpc.php HTTP/1.1" 200 3813 "-" "Mozilla/5.0 (Windows NT 10.0; Win64; x64) AppleWebKit/537.36 (KHTML, like Gecko) Chrome/88.0.4240.193 Safari/537.36"
143.198.91.39 - - [29/Jan/2025:03:30:54 +0000] "POST //xmlrpc.php HTTP/1.1" 200 3813 "-" "Mozilla/5.0 (Windows NT 10.0; Win64; x64) AppleWebKit/537.36 (KHTML, like Gecko) Chrome/88.0.4240.193 Safari/537.36"
143.198.91.39 - - [29/Jan/2025:03:30:56 +0000] "POST //xmlrpc.php HTTP/1.1" 200 3813 "-" "Mozilla/5.0 (Windows NT 10.0; Win64; x64) AppleWebKit/537.36 (KHTML, like Gecko) Chrome/88.0.4240.193 Safari/537.36"
143.198.91.39 - - [29/Jan/2025:03:30:57 +0000] "POST //xmlrpc.php HTTP/1.1" 200 3813 "-" "Mozilla/5.0 (Windows NT 10.0; Win64; x64) AppleWebKit/537.36 (KHTML, like Gecko) Chrome/88.0.4240.193 Safari/537.36"
162.158.127.47 - - [29/Jan/2025:03:30:58 +0000] "POST /wp-admin/admin-ajax.php?action=podcast_player_bg_jobs&nonce=081eb82c8c HTTP/1.1" 401 4149 "-" "WordPress/6.7.1; https://rootly.com"
162.158.42.215 - - [29/Jan/2025:03:30:58 +0000] "GET / HTTP/1.1" 200 27751 "-" "Mozilla/5.0 (compatible; Googlebot/2.1; +http://www.google.com/bot.html)"
162.158.127.180 - - [29/Jan/2025:03:30:58 +0000] "POST /wp-admin/admin-ajax.php?action=podcast_player_bg_jobs&nonce=081eb82c8c HTTP/1.1" 401 4149 "-" "WordPress/6.7.1; https://rootly.com"
172.71.151.16 - - [29/Jan/2025:03:30:58 +0000] "GET / HTTP/1.1" 200 27751 "-" "Mozilla/5.0 (Linux; Android 6.0.1; Nexus 5X Build/MMB29P) AppleWebKit/537.36 (KHTML, like Gecko) Chrome/99.0.4844.84 Mobile Safari/537.36 (compatible; Googlebot/2.1; +http://www.google.com/bot.html)"
172.71.146.68 - - [29/Jan/2025:03:31:01 +0000] "GET /wp-content/themes/betheme/js/parallax/translate3d.min.js?ver=27.3.9 HTTP/1.1" 200 4552 "https://rootly.com/" "Mozilla/5.0 (Linux; Android 6.0.1; Nexus 5X Build/MMB29P) AppleWebKit/537.36 (KHTML, like Gecko) Chrome/131.0.6778.204 Mobile Safari/537.36 (compatible; Googlebot/2.1; +http://www.google.com/bot.html)"
172.71.151.37 - - [29/Jan/2025:03:31:02 +0000] "GET /wp-content/themes/betheme/js/parallax/translate3d.min.js?ver=27.3.9 HTTP/1.1" 200 4552 "https://rootly.com/" "Mozilla/5.0 AppleWebKit/537.36 (KHTML, like Gecko; compatible; Googlebot/2.1; +http://www.google.com/bot.html) Chrome/131.0.6778.204 Safari/537.36"
143.198.91.39 - - [29/Jan/2025:03:31:02 +0000] "POST //xmlrpc.php HTTP/1.1" 200 3813 "-" "Mozilla/5.0 (Windows NT 10.0; Win64; x64) AppleWebKit/537.36 (KHTML, like Gecko) Chrome/88.0.4240.193 Safari/537.36"
143.198.91.39 - - [29/Jan/2025:03:31:03 +0000] "POST //xmlrpc.php HTTP/1.1" 200 3813 "-" "Mozilla/5.0 (Windows NT 10.0; Win64; x64) AppleWebKit/537.36 (KHTML, like Gecko) Chrome/88.0.4240.193 Safari/537.36"
143.198.91.39 - - [29/Jan/2025:03:31:05 +0000] "POST //xmlrpc.php HTTP/1.1" 200 3813 "-" "Mozilla/5.0 (Windows NT 10.0; Win64; x64) AppleWebKit/537.36 (KHTML, like Gecko) Chrome/88.0.4240.193 Safari/537.36"
143.198.91.39 - - [29/Jan/2025:03:31:06 +0000] "POST //xmlrpc.php HTTP/1.1" 200 3813 "-" "Mozilla/5.0 (Windows NT 10.0; Win64; x64) AppleWebKit/537.36 (KHTML, like Gecko) Chrome/88.0.4240.193 Safari/537.36"
143.198.91.39 - - [29/Jan/2025:03:31:08 +0000] "POST //xmlrpc.php HTTP/1.1" 200 3813 "-" "Mozilla/5.0 (Windows NT 10.0; Win64; x64) AppleWebKit/537.36 (KHTML, like Gecko) Chrome/88.0.4240.193 Safari/537.36"
143.198.91.39 - - [29/Jan/2025:03:31:09 +0000] "POST //xmlrpc.php HTTP/1.1" 200 3813 "-" "Mozilla/5.0 (Windows NT 10.0; Win64; x64) AppleWebKit/537.36 (KHTML, like Gecko) Chrome/88.0.4240.193 Safari/537.36"
143.198.91.39 - - [29/Jan/2025:03:31:10 +0000] "POST //xmlrpc.php HTTP/1.1" 200 3813 "-" "Mozilla/5.0 (Windows NT 10.0; Win64; x64) AppleWebKit/537.36 (KHTML, like Gecko) Chrome/88.0.4240.193 Safari/537.36"
143.198.91.39 - - [29/Jan/2025:03:31:12 +0000] "POST //xmlrpc.php HTTP/1.1" 200 3813 "-" "Mozilla/5.0 (Windows NT 10.0; Win64; x64) AppleWebKit/537.36 (KHTML, like Gecko) Chrome/88.0.4240.193 Safari/537.36"
::1 - - [29/Jan/2025:03:31:12 +0000] "OPTIONS * HTTP/1.0" 200 126 "-" "Apache/2.4.52 (Ubuntu) OpenSSL/3.0.2 (internal dummy connection)"
143.198.91.39 - - [29/Jan/2025:03:31:13 +0000] "POST //xmlrpc.php HTTP/1.1" 200 3813 "-" "Mozilla/5.0 (Windows NT 10.0; Win64; x64) AppleWebKit/537.36 (KHTML, like Gecko) Chrome/88.0.4240.193 Safari/537.36"
143.198.91.39 - - [29/Jan/2025:03:31:15 +0000] "POST //xmlrpc.php HTTP/1.1" 200 3813 "-" "Mozilla/5.0 (Windows NT 10.0; Win64; x64) AppleWebKit/537.36 (KHTML, like Gecko) Chrome/88.0.4240.193 Safari/537.36"
143.198.91.39 - - [29/Jan/2025:03:31:16 +0000] "POST //xmlrpc.php HTTP/1.1" 200 3813 "-" "Mozilla/5.0 (Windows NT 10.0; Win64; x64) AppleWebKit/537.36 (KHTML, like Gecko) Chrome/88.0.4240.193 Safari/537.36"
143.198.91.39 - - [29/Jan/2025:03:31:19 +0000] "POST //xmlrpc.php HTTP/1.1" 200 3813 "-" "Mozilla/5.0 (Windows NT 10.0; Win64; x64) AppleWebKit/537.36 (KHTML, like Gecko) Chrome/88.0.4240.193 Safari/537.36"
143.198.91.39 - - [29/Jan/2025:03:31:20 +0000] "POST //xmlrpc.php HTTP/1.1" 200 3813 "-" "Mozilla/5.0 (Windows NT 10.0; Win64; x64) AppleWebKit/537.36 (KHTML, like Gecko) Chrome/88.0.4240.193 Safari/537.36"
143.198.91.39 - - [29/Jan/2025:03:31:21 +0000] "POST //xmlrpc.php HTTP/1.1" 200 3813 "-" "Mozilla/5.0 (Windows NT 10.0; Win64; x64) AppleWebKit/537.36 (KHTML, like Gecko) Chrome/88.0.4240.193 Safari/537.36"
143.198.91.39 - - [29/Jan/2025:03:31:22 +0000] "POST //xmlrpc.php HTTP/1.1" 200 3813 "-" "Mozilla/5.0 (Windows NT 10.0; Win64; x64) AppleWebKit/537.36 (KHTML, like Gecko) Chrome/88.0.4240.193 Safari/537.36"
143.198.91.39 - - [29/Jan/2025:03:31:24 +0000] "POST //xmlrpc.php HTTP/1.1" 200 3813 "-" "Mozilla/5.0 (Windows NT 10.0; Win64; x64) AppleWebKit/537.36 (KHTML, like Gecko) Chrome/88.0.4240.193 Safari/537.36"
143.198.91.39 - - [29/Jan/2025:03:31:25 +0000] "POST //xmlrpc.php HTTP/1.1" 200 3813 "-" "Mozilla/5.0 (Windows NT 10.0; Win64; x64) AppleWebKit/537.36 (KHTML, like Gecko) Chrome/88.0.4240.193 Safari/537.36"
143.198.91.39 - - [29/Jan/2025:03:31:27 +0000] "POST //xmlrpc.php HTTP/1.1" 200 3813 "-" "Mozilla/5.0 (Windows NT 10.0; Win64; x64) AppleWebKit/537.36 (KHTML, like Gecko) Chrome/88.0.4240.193 Safari/537.36"
143.198.91.39 - - [29/Jan/2025:03:31:28 +0000] "POST //xmlrpc.php HTTP/1.1" 200 3813 "-" "Mozilla/5.0 (Windows NT 10.0; Win64; x64) AppleWebKit/537.36 (KHTML, like Gecko) Chrome/88.0.4240.193 Safari/537.36"
143.198.91.39 - - [29/Jan/2025:03:31:30 +0000] "POST //xmlrpc.php HTTP/1.1" 200 3813 "-" "Mozilla/5.0 (Windows NT 10.0; Win64; x64) AppleWebKit/537.36 (KHTML, like Gecko) Chrome/88.0.4240.193 Safari/537.36"
143.198.91.39 - - [29/Jan/2025:03:31:31 +0000] "POST //xmlrpc.php HTTP/1.1" 200 3813 "-" "Mozilla/5.0 (Windows NT 10.0; Win64; x64) AppleWebKit/537.36 (KHTML, like Gecko) Chrome/88.0.4240.193 Safari/537.36"
143.198.91.39 - - [29/Jan/2025:03:31:32 +0000] "POST //xmlrpc.php HTTP/1.1" 200 3813 "-" "Mozilla/5.0 (Windows NT 10.0; Win64; x64) AppleWebKit/537.36 (KHTML, like Gecko) Chrome/88.0.4240.193 Safari/537.36"
143.198.91.39 - - [29/Jan/2025:03:31:34 +0000] "POST //xmlrpc.php HTTP/1.1" 200 3813 "-" "Mozilla/5.0 (Windows NT 10.0; Win64; x64) AppleWebKit/537.36 (KHTML, like Gecko) Chrome/88.0.4240.193 Safari/537.36"
143.198.91.39 - - [29/Jan/2025:03:31:36 +0000] "POST //xmlrpc.php HTTP/1.1" 200 3813 "-" "Mozilla/5.0 (Windows NT 10.0; Win64; x64) AppleWebKit/537.36 (KHTML, like Gecko) Chrome/88.0.4240.193 Safari/537.36"
143.198.91.39 - - [29/Jan/2025:03:31:37 +0000] "POST //xmlrpc.php HTTP/1.1" 200 3813 "-" "Mozilla/5.0 (Windows NT 10.0; Win64; x64) AppleWebKit/537.36 (KHTML, like Gecko) Chrome/88.0.4240.193 Safari/537.36"
143.198.91.39 - - [29/Jan/2025:03:31:39 +0000] "POST //xmlrpc.php HTTP/1.1" 200 3813 "-" "Mozilla/5.0 (Windows NT 10.0; Win64; x64) AppleWebKit/537.36 (KHTML, like Gecko) Chrome/88.0.4240.193 Safari/537.36"
143.198.91.39 - - [29/Jan/2025:03:31:40 +0000] "POST //xmlrpc.php HTTP/1.1" 200 3813 "-" "Mozilla/5.0 (Windows NT 10.0; Win64; x64) AppleWebKit/537.36 (KHTML, like Gecko) Chrome/88.0.4240.193 Safari/537.36"
143.198.91.39 - - [29/Jan/2025:03:31:44 +0000] "POST //xmlrpc.php HTTP/1.1" 200 3813 "-" "Mozilla/5.0 (Windows NT 10.0; Win64; x64) AppleWebKit/537.36 (KHTML, like Gecko) Chrome/88.0.4240.193 Safari/537.36"
66.249.66.200 - - [29/Jan/2025:03:35:06 +0000] "GET /author-sitemap.xml HTTP/1.1" 200 3926 "-" "Mozilla/5.0 (compatible; Googlebot/2.1; +http://www.google.com/bot.html)"
172.70.179.152 - - [29/Jan/2025:03:36:17 +0000] "GET / HTTP/1.1" 200 31079 "-" "curl/7.61.1"
172.70.100.137 - - [29/Jan/2025:03:36:17 +0000] "GET / HTTP/1.1" 200 31078 "-" "curl/7.61.1"
172.69.59.82 - - [29/Jan/2025:03:36:17 +0000] "GET / HTTP/1.1" 200 31078 "-" "curl/7.61.1"
164.92.188.147 - - [29/Jan/2025:03:41:24 +0000] "GET / HTTP/1.1" 301 3434 "-" "Mozilla/5.0 (Windows NT 11.0; Win64; x64; rv:129.0) Gecko/20100101 Firefox/127.0"
51.222.253.17 - - [29/Jan/2025:03:42:58 +0000] "GET /2024/12/30/meshery-cloud-native-manager/feed/ HTTP/1.1" 200 4385 "-" "Mozilla/5.0 (compatible; AhrefsBot/7.0; +http://ahrefs.com/robot/)"
15.235.49.49 - - [29/Jan/2025:03:49:27 +0000] "POST /wp-cron.php HTTP/1.1" 200 3721 "-" "WordPress/6.5.5; https://www.sylvainkalache.com"
52.167.144.158 - - [29/Jan/2025:03:49:26 +0000] "GET /wp-content/uploads/2016/12/How-DevOps-Failed-60K-Users-300x200.jpg HTTP/1.1" 404 24223 "-" "Mozilla/5.0 AppleWebKit/537.36 (KHTML, like Gecko; compatible; bingbot/2.0; +http://www.bing.com/bingbot.htm) Chrome/116.0.1938.76 Safari/537.36"
15.235.49.49 - - [29/Jan/2025:03:49:27 +0000] "GET / HTTP/1.1" 200 14964 "-" "WordPress/6.5.5; https://www.sylvainkalache.com"
15.235.49.49 - - [29/Jan/2025:03:49:27 +0000] "GET / HTTP/1.1" 200 14964 "-" "WordPress/6.5.5; https://www.sylvainkalache.com"
15.235.49.49 - - [29/Jan/2025:03:49:27 +0000] "GET / HTTP/1.1" 200 14964 "-" "WordPress/6.5.5; https://www.sylvainkalache.com"
15.235.49.49 - - [29/Jan/2025:03:49:27 +0000] "GET / HTTP/1.1" 200 14964 "-" "WordPress/6.5.5; https://www.sylvainkalache.com"
15.235.49.49 - - [29/Jan/2025:03:49:26 +0000] "POST /wp-cron.php?doing_wp_cron=1738122566.3819849491119384765625 HTTP/1.1" 200 3721 "-" "WordPress/6.5.5; https://www.sylvainkalache.com"
195.3.223.55 - - [29/Jan/2025:03:52:25 +0000] "GET / HTTP/1.1" 301 515 "-" "-"
162.158.127.48 - - [29/Jan/2025:03:54:00 +0000] "POST /wp-admin/admin-ajax.php?action=podcast_player_bg_jobs&nonce=081eb82c8c HTTP/1.1" 401 4149 "-" "WordPress/6.7.1; https://rootly.com"
162.158.127.179 - - [29/Jan/2025:03:54:00 +0000] "POST /wp-cron.php?doing_wp_cron=1738122840.2819240093231201171875 HTTP/1.1" 200 3751 "-" "WordPress/6.7.1; https://rootly.com"
162.158.126.172 - - [29/Jan/2025:03:54:00 +0000] "POST /wp-admin/admin-ajax.php?action=podcast_player_bg_jobs&nonce=081eb82c8c HTTP/1.1" 401 4149 "-" "WordPress/6.7.1; https://rootly.com"
172.70.174.130 - - [29/Jan/2025:03:54:00 +0000] "GET /robots.txt HTTP/1.1" 200 3923 "-" "Mozilla/5.0 (compatible; SemrushBot/7~bl; +http://www.semrush.com/bot.html)"
162.158.127.179 - - [29/Jan/2025:03:54:01 +0000] "POST /wp-admin/admin-ajax.php?action=podcast_player_bg_jobs&nonce=081eb82c8c HTTP/1.1" 401 830 "-" "WordPress/6.7.1; https://rootly.com"
172.70.34.49 - - [29/Jan/2025:03:54:00 +0000] "GET /2024/11/03/the-changing-face-of-electrion-security/ HTTP/1.1" 200 26807 "-" "Mozilla/5.0 (compatible; SemrushBot/7~bl; +http://www.semrush.com/bot.html)"
162.158.127.12 - - [29/Jan/2025:03:54:02 +0000] "POST /wp-admin/admin-ajax.php?action=podcast_player_bg_jobs&nonce=081eb82c8c HTTP/1.1" 401 4149 "-" "WordPress/6.7.1; https://rootly.com"
172.70.174.50 - - [29/Jan/2025:03:54:02 +0000] "GET /sitemap_index.xml HTTP/1.1" 200 4058 "-" "Mozilla/5.0 (compatible; SemrushBot/7~bl; +http://www.semrush.com/bot.html)"
162.158.127.12 - - [29/Jan/2025:03:54:04 +0000] "POST /wp-admin/admin-ajax.php?action=podcast_player_bg_jobs&nonce=081eb82c8c HTTP/1.1" 401 830 "-" "WordPress/6.7.1; https://rootly.com"
172.70.42.119 - - [29/Jan/2025:03:54:04 +0000] "GET /author-sitemap.xml HTTP/1.1" 200 4089 "-" "Mozilla/5.0 (compatible; SemrushBot/7~bl; +http://www.semrush.com/bot.html)"
162.158.127.179 - - [29/Jan/2025:03:54:05 +0000] "POST /wp-admin/admin-ajax.php?action=podcast_player_bg_jobs&nonce=081eb82c8c HTTP/1.1" 401 830 "-" "WordPress/6.7.1; https://rootly.com"
172.71.191.77 - - [29/Jan/2025:03:54:05 +0000] "GET /category-sitemap.xml HTTP/1.1" 200 4090 "-" "Mozilla/5.0 (compatible; SemrushBot/7~bl; +http://www.semrush.com/bot.html)"
162.158.127.179 - - [29/Jan/2025:03:54:06 +0000] "POST /wp-admin/admin-ajax.php?action=podcast_player_bg_jobs&nonce=081eb82c8c HTTP/1.1" 401 830 "-" "WordPress/6.7.1; https://rootly.com"
172.71.194.77 - - [29/Jan/2025:03:54:06 +0000] "GET /page-sitemap.xml HTTP/1.1" 200 4042 "-" "Mozilla/5.0 (compatible; SemrushBot/7~bl; +http://www.semrush.com/bot.html)"
162.158.126.173 - - [29/Jan/2025:03:54:08 +0000] "POST /wp-admin/admin-ajax.php?action=podcast_player_bg_jobs&nonce=081eb82c8c HTTP/1.1" 401 4149 "-" "WordPress/6.7.1; https://rootly.com"
172.70.174.214 - - [29/Jan/2025:03:54:08 +0000] "GET /post-sitemap.xml HTTP/1.1" 200 4673 "-" "Mozilla/5.0 (compatible; SemrushBot/7~bl; +http://www.semrush.com/bot.html)"
::1 - - [29/Jan/2025:03:54:11 +0000] "OPTIONS * HTTP/1.0" 200 126 "-" "Apache/2.4.52 (Ubuntu) OpenSSL/3.0.2 (internal dummy connection)"
::1 - - [29/Jan/2025:03:54:13 +0000] "OPTIONS * HTTP/1.0" 200 126 "-" "Apache/2.4.52 (Ubuntu) OpenSSL/3.0.2 (internal dummy connection)"
::1 - - [29/Jan/2025:03:54:14 +0000] "OPTIONS * HTTP/1.0" 200 126 "-" "Apache/2.4.52 (Ubuntu) OpenSSL/3.0.2 (internal dummy connection)"
200.146.14.182 - - [29/Jan/2025:03:56:36 +0000] "HEAD /robots.txt HTTP/1.0" 301 208 "-" "-"
200.146.14.182 - - [29/Jan/2025:03:56:45 +0000] "HEAD / HTTP/1.0" 301 198 "-" "-"
162.158.127.23 - - [29/Jan/2025:04:02:43 +0000] "POST /wp-cron.php?doing_wp_cron=1738123363.8603999614715576171875 HTTP/1.1" 200 3734 "-" "WordPress/6.7.1; https://rootly.com"
174.138.62.1 - - [29/Jan/2025:04:02:43 +0000] "GET /.env HTTP/1.1" 404 98282 "-" "Mozilla/5.0 (Windows NT 6.1; Win64; x64) AppleWebKit/537.36 (KHTML, like Gecko) Chrome/60.0.3112.90 Safari/537.36"
172.71.238.128 - - [29/Jan/2025:04:03:21 +0000] "GET / HTTP/1.1" 301 559 "-" "-"
201.49.20.99 - - [29/Jan/2025:04:03:21 +0000] "GET / HTTP/1.1" 301 531 "-" "-"
201.49.20.99 - - [29/Jan/2025:04:03:21 +0000] "GET / HTTP/1.1" 301 546 "-" "-"
162.158.126.172 - - [29/Jan/2025:04:03:23 +0000] "POST /wp-admin/admin-ajax.php?action=podcast_player_bg_jobs&nonce=081eb82c8c HTTP/1.1" 401 4149 "-" "WordPress/6.7.1; https://rootly.com"
172.71.10.77 - - [29/Jan/2025:04:03:22 +0000] "GET / HTTP/1.1" 200 27751 "-" "-"
201.49.20.99 - - [29/Jan/2025:04:03:23 +0000] "GET / HTTP/1.1" 301 3472 "-" "-"
15.235.49.49 - - [29/Jan/2025:04:03:23 +0000] "POST /wp-cron.php?doing_wp_cron=1738123403.4079830646514892578125 HTTP/1.1" 200 3568 "-" "WordPress/6.7.1; https://rootly.com"
201.49.20.99 - - [29/Jan/2025:04:03:23 +0000] "GET / HTTP/1.1" 200 105803 "-" "-"
172.69.138.103 - - [29/Jan/2025:04:03:23 +0000] "GET / HTTP/1.1" 200 31078 "-" "-"
201.49.20.99 - - [29/Jan/2025:04:03:24 +0000] "GET / HTTP/1.1" 200 48612 "-" "-"
::1 - - [29/Jan/2025:04:03:29 +0000] "OPTIONS * HTTP/1.0" 200 126 "-" "Apache/2.4.52 (Ubuntu) OpenSSL/3.0.2 (internal dummy connection)"
185.196.220.253 - - [29/Jan/2025:04:03:48 +0000] "GET / HTTP/1.1" 301 515 "-" "Hello World"
77.239.101.83 - - [29/Jan/2025:04:08:01 +0000] "GET /wp-json/wp/v2/users HTTP/1.1" 301 3522 "https://www.google.com" "Mozilla/5.0 (X11; Linux x86_64) AppleWebKit/537.36 (KHTML, like Gecko) Chrome/119.0.0.0 Safari/537.36"
15.235.49.49 - - [29/Jan/2025:04:08:02 +0000] "POST /wp-cron.php?doing_wp_cron=1738123682.0395200252532958984375 HTTP/1.1" 200 3721 "-" "WordPress/6.5.5; https://www.sylvainkalache.com"
77.239.101.83 - - [29/Jan/2025:04:08:02 +0000] "GET /wp-json/wp/v2/users HTTP/1.1" 200 4092 "https://www.google.com" "Mozilla/5.0 (X11; Linux x86_64) AppleWebKit/537.36 (KHTML, like Gecko) Chrome/119.0.0.0 Safari/537.36"
77.239.101.83 - - [29/Jan/2025:04:08:02 +0000] "GET /?author=1 HTTP/1.1" 301 3518 "https://www.google.com" "Mozilla/5.0 (X11; Linux x86_64) AppleWebKit/537.36 (KHTML, like Gecko) Chrome/119.0.0.0 Safari/537.36"
77.239.101.83 - - [29/Jan/2025:04:08:03 +0000] "POST /xmlrpc.php HTTP/1.1" 200 3539 "-" "Apache-HttpClient/4.5.13 (Java/11.0.25)"
77.239.101.83 - - [29/Jan/2025:04:08:07 +0000] "POST /xmlrpc.php HTTP/1.1" 200 3613 "-" "Apache-HttpClient/4.5.13 (Java/11.0.25)"
77.239.101.83 - - [29/Jan/2025:04:08:07 +0000] "POST /xmlrpc.php HTTP/1.1" 200 3613 "-" "Apache-HttpClient/4.5.13 (Java/11.0.25)"
77.239.101.83 - - [29/Jan/2025:04:08:08 +0000] "POST /xmlrpc.php HTTP/1.1" 200 3613 "-" "Apache-HttpClient/4.5.13 (Java/11.0.25)"
77.239.101.83 - - [29/Jan/2025:04:08:08 +0000] "GET /wp-login.php HTTP/1.1" 200 5556 "https://www.google.com" "Mozilla/5.0 (X11; Linux x86_64) AppleWebKit/537.36 (KHTML, like Gecko) Chrome/119.0.0.0 Safari/537.36"
77.239.101.83 - - [29/Jan/2025:04:08:09 +0000] "POST /wp-login.php HTTP/1.1" 200 5688 "https://www.sylvainkalache.com/wp-login.php" "Mozilla/5.0 (X11; Linux x86_64) AppleWebKit/537.36 (KHTML, like Gecko) Chrome/119.0.0.0 Safari/537.36"
77.239.101.83 - - [29/Jan/2025:04:08:09 +0000] "GET /wp-admin/ HTTP/1.1" 401 3910 "https://www.sylvainkalache.com/wp-login.php" "Mozilla/5.0 (X11; Linux x86_64) AppleWebKit/537.36 (KHTML, like Gecko) Chrome/119.0.0.0 Safari/537.36"
77.239.101.83 - - [29/Jan/2025:04:08:09 +0000] "POST /wp-login.php HTTP/1.1" 200 5688 "https://www.sylvainkalache.com/wp-login.php" "Mozilla/5.0 (X11; Linux x86_64) AppleWebKit/537.36 (KHTML, like Gecko) Chrome/119.0.0.0 Safari/537.36"
77.239.101.83 - - [29/Jan/2025:04:08:10 +0000] "GET /wp-admin/ HTTP/1.1" 401 3910 "https://www.sylvainkalache.com/wp-login.php" "Mozilla/5.0 (X11; Linux x86_64) AppleWebKit/537.36 (KHTML, like Gecko) Chrome/119.0.0.0 Safari/537.36"
77.239.101.83 - - [29/Jan/2025:04:08:10 +0000] "POST /wp-login.php HTTP/1.1" 200 5689 "https://www.sylvainkalache.com/wp-login.php" "Mozilla/5.0 (X11; Linux x86_64) AppleWebKit/537.36 (KHTML, like Gecko) Chrome/119.0.0.0 Safari/537.36"
77.239.101.83 - - [29/Jan/2025:04:08:11 +0000] "GET /wp-admin/ HTTP/1.1" 401 3910 "https://www.sylvainkalache.com/wp-login.php" "Mozilla/5.0 (X11; Linux x86_64) AppleWebKit/537.36 (KHTML, like Gecko) Chrome/119.0.0.0 Safari/537.36"
::1 - - [29/Jan/2025:04:08:12 +0000] "OPTIONS * HTTP/1.0" 200 126 "-" "Apache/2.4.52 (Ubuntu) OpenSSL/3.0.2 (internal dummy connection)"
66.249.66.199 - - [29/Jan/2025:04:08:36 +0000] "GET /page/7/ HTTP/1.1" 200 22265 "-" "Mozilla/5.0 (X11; Linux x86_64) AppleWebKit/537.36 (KHTML, like Gecko) Chrome/131.0.6778.264 Safari/537.36 (compatible; Googlebot/2.1; +http://www.google.com/bot.html)"
162.158.127.179 - - [29/Jan/2025:04:09:14 +0000] "POST /wp-admin/admin-ajax.php?action=podcast_player_bg_jobs&nonce=081eb82c8c HTTP/1.1" 401 4149 "-" "WordPress/6.7.1; https://rootly.com"
162.158.90.57 - - [29/Jan/2025:04:09:13 +0000] "GET / HTTP/1.1" 200 27751 "-" "Mozilla/5.0 (X11; Linux i686; rv:109.0) Gecko/20100101 Firefox/120.0"
162.158.126.173 - - [29/Jan/2025:04:12:41 +0000] "POST /wp-admin/admin-ajax.php?action=podcast_player_bg_jobs&nonce=081eb82c8c HTTP/1.1" 401 4149 "-" "WordPress/6.7.1; https://rootly.com"
172.69.60.140 - - [29/Jan/2025:04:12:41 +0000] "GET /.env HTTP/1.1" 404 102925 "-" "Mozilla/5.0 (Macintosh; Intel Mac OS X 10.15; rv:77.0) Gecko/20100101 Firefox/77.0"
174.138.62.1 - - [29/Jan/2025:04:19:26 +0000] "GET /.git/config HTTP/1.1" 404 98289 "-" "Mozilla/5.0 (Linux; Android 9; SM-A530W) AppleWebKit/537.36 (KHTML, like Gecko) Chrome/76.0.3809.111 Mobile Safari/537.36"
113.219.218.197 - - [29/Jan/2025:04:20:31 +0000] "GET / HTTP/1.1" 301 546 "-" "Mozilla/5.0 (iPhone; CPU iPhone OS 13_2_3 like Mac OS X) AppleWebKit/605.1.15 (KHTML, like Gecko) Version/13.0.3 Mobile/15E148 Safari/604.1"
113.219.218.197 - - [29/Jan/2025:04:20:40 +0000] "GET / HTTP/1.1" 301 3681 "http://sylvainkalache.com" "Mozilla/5.0 (iPhone; CPU iPhone OS 13_2_3 like Mac OS X) AppleWebKit/605.1.15 (KHTML, like Gecko) Version/13.0.3 Mobile/15E148 Safari/604.1"
113.219.218.197 - - [29/Jan/2025:04:20:41 +0000] "GET / HTTP/1.1" 200 14944 "https://sylvainkalache.com/" "Mozilla/5.0 (iPhone; CPU iPhone OS 13_2_3 like Mac OS X) AppleWebKit/605.1.15 (KHTML, like Gecko) Version/13.0.3 Mobile/15E148 Safari/604.1"
162.158.127.47 - - [29/Jan/2025:04:23:27 +0000] "POST /wp-admin/admin-ajax.php?action=podcast_player_bg_jobs&nonce=081eb82c8c HTTP/1.1" 401 4149 "-" "WordPress/6.7.1; https://rootly.com"
172.68.23.3 - - [29/Jan/2025:04:23:27 +0000] "GET / HTTP/1.1" 200 27751 "-" "Mozilla/5.0 (compatible; Googlebot/2.1; +http://www.google.com/bot.html)"
172.68.174.197 - - [29/Jan/2025:04:23:52 +0000] "HEAD / HTTP/1.1" 301 235 "-" "node"
172.68.174.173 - - [29/Jan/2025:04:23:52 +0000] "HEAD / HTTP/1.1" 200 3835 "-" "node"
172.68.174.196 - - [29/Jan/2025:04:23:52 +0000] "HEAD / HTTP/1.1" 200 3835 "-" "node"
90.156.142.68 - - [29/Jan/2025:04:28:08 +0000] "GET /wp-login.php HTTP/1.1" 301 536 "-" "GRequests/0.10"
90.156.142.68 - - [29/Jan/2025:04:28:09 +0000] "GET /wp-login.php HTTP/1.1" 200 5606 "http://rootly.com/wp-login.php" "GRequests/0.10"
90.156.142.68 - - [29/Jan/2025:04:28:09 +0000] "POST /wp-login.php HTTP/1.1" 301 536 "-" "GRequests/0.10"
90.156.142.68 - - [29/Jan/2025:04:28:09 +0000] "GET /wp-login.php HTTP/1.1" 200 5606 "http://rootly.com/wp-login.php" "GRequests/0.10"
90.156.142.68 - - [29/Jan/2025:04:28:10 +0000] "GET /wp-admin/ HTTP/1.1" 301 530 "-" "GRequests/0.10"
90.156.142.68 - - [29/Jan/2025:04:28:10 +0000] "GET /wp-admin/ HTTP/1.1" 302 400 "http://rootly.com/wp-admin/" "GRequests/0.10"
90.156.142.68 - - [29/Jan/2025:04:28:11 +0000] "GET /wp-login.php?redirect_to=https%3A%2F%2Frootly.com%2Fwp-admin%2F&reauth=1 HTTP/1.1" 200 4409 "https://rootly.com/wp-admin/" "GRequests/0.10"
31.13.224.230 - - [29/Jan/2025:04:30:47 +0000] "GET /.env HTTP/1.1" 404 94736 "-" "Mozilla/5.0 (X11; Linux x86_64) AppleWebKit/537.36 (KHTML, like Gecko) Chrome/81.0.4044.129 Safari/537.36"
31.13.224.230 - - [29/Jan/2025:04:30:48 +0000] "POST / HTTP/1.1" 301 565 "-" "Mozilla/5.0 (X11; Linux x86_64) AppleWebKit/537.36 (KHTML, like Gecko) Chrome/81.0.4044.129 Safari/537.36"
66.249.66.200 - - [29/Jan/2025:04:32:27 +0000] "GET /2024/12/30/keda-kubernetes-event-driven-autoscaling/ HTTP/1.1" 200 26252 "-" "Mozilla/5.0 (X11; Linux x86_64) AppleWebKit/537.36 (KHTML, like Gecko) Chrome/131.0.6778.264 Safari/537.36 (compatible; Googlebot/2.1; +http://www.google.com/bot.html)"
66.249.66.199 - - [29/Jan/2025:04:32:28 +0000] "GET /wp-content/themes/betheme/fonts/fontawesome/fontawesome.min.css?ver=27.5.9 HTTP/1.1" 200 16397 "https://rootly.com/2024/12/30/keda-kubernetes-event-driven-autoscaling/" "Mozilla/5.0 (X11; Linux x86_64) AppleWebKit/537.36 (KHTML, like Gecko) Chrome/131.0.6778.264 Safari/537.36 (compatible; Googlebot/2.1; +http://www.google.com/bot.html)"
66.249.66.198 - - [29/Jan/2025:04:32:29 +0000] "GET /wp-content/uploads/betheme/fonts/mfn-local-fonts.css?ver=1 HTTP/1.1" 200 3971 "https://rootly.com/2024/12/30/keda-kubernetes-event-driven-autoscaling/" "Mozilla/5.0 (X11; Linux x86_64) AppleWebKit/537.36 (KHTML, like Gecko) Chrome/131.0.6778.264 Safari/537.36 (compatible; Googlebot/2.1; +http://www.google.com/bot.html)"
66.249.66.200 - - [29/Jan/2025:04:32:29 +0000] "GET /wp-content/themes/betheme/assets/animations/animations.min.css?ver=27.5.9 HTTP/1.1" 200 5947 "https://rootly.com/2024/12/30/keda-kubernetes-event-driven-autoscaling/" "Mozilla/5.0 (X11; Linux x86_64) AppleWebKit/537.36 (KHTML, like Gecko) Chrome/131.0.6778.264 Safari/537.36 (compatible; Googlebot/2.1; +http://www.google.com/bot.html)"
66.249.66.198 - - [29/Jan/2025:04:32:29 +0000] "GET /wp-content/themes/betheme/css/be.min.css?ver=27.5.9 HTTP/1.1" 200 69699 "https://rootly.com/2024/12/30/keda-kubernetes-event-driven-autoscaling/" "Mozilla/5.0 (X11; Linux x86_64) AppleWebKit/537.36 (KHTML, like Gecko) Chrome/131.0.6778.264 Safari/537.36 (compatible; Googlebot/2.1; +http://www.google.com/bot.html)"
66.249.66.200 - - [29/Jan/2025:04:32:30 +0000] "GET /wp-content/themes/betheme/css/responsive.min.css?ver=27.5.9 HTTP/1.1" 200 10201 "https://rootly.com/2024/12/30/keda-kubernetes-event-driven-autoscaling/" "Mozilla/5.0 (X11; Linux x86_64) AppleWebKit/537.36 (KHTML, like Gecko) Chrome/131.0.6778.264 Safari/537.36 (compatible; Googlebot/2.1; +http://www.google.com/bot.html)"
66.249.66.199 - - [29/Jan/2025:04:32:30 +0000] "GET /wp-content/themes/betheme/js/plugins/visible.min.js?ver=27.5.9 HTTP/1.1" 200 742 "https://rootly.com/2024/12/30/keda-kubernetes-event-driven-autoscaling/" "Mozilla/5.0 (X11; Linux x86_64) AppleWebKit/537.36 (KHTML, like Gecko) Chrome/131.0.6778.264 Safari/537.36 (compatible; Googlebot/2.1; +http://www.google.com/bot.html)"
66.249.66.199 - - [29/Jan/2025:04:32:31 +0000] "GET /wp-content/uploads/2024/11/35-150x150.png HTTP/1.1" 200 37651 "https://rootly.com/2024/12/30/keda-kubernetes-event-driven-autoscaling/" "Mozilla/5.0 (X11; Linux x86_64) AppleWebKit/537.36 (KHTML, like Gecko) Chrome/131.0.6778.264 Safari/537.36 (compatible; Googlebot/2.1; +http://www.google.com/bot.html)"
66.249.66.198 - - [29/Jan/2025:04:32:31 +0000] "GET /wp-content/uploads/2024/06/thelandscape.png HTTP/1.1" 200 680425 "https://rootly.com/2024/12/30/keda-kubernetes-event-driven-autoscaling/" "Mozilla/5.0 (X11; Linux x86_64) AppleWebKit/537.36 (KHTML, like Gecko) Chrome/131.0.6778.264 Safari/537.36 (compatible; Googlebot/2.1; +http://www.google.com/bot.html)"
66.249.66.198 - - [29/Jan/2025:04:32:32 +0000] "GET /wp-includes/js/comment-reply.min.js?ver=6.7.1 HTTP/1.1" 200 1740 "https://rootly.com/2024/12/30/keda-kubernetes-event-driven-autoscaling/" "Mozilla/5.0 (X11; Linux x86_64) AppleWebKit/537.36 (KHTML, like Gecko) Chrome/131.0.6778.264 Safari/537.36 (compatible; Googlebot/2.1; +http://www.google.com/bot.html)"
66.249.66.199 - - [29/Jan/2025:04:32:32 +0000] "GET /wp-content/themes/betheme/assets/animations/animations.min.js?ver=27.5.9 HTTP/1.1" 200 991 "https://rootly.com/2024/12/30/keda-kubernetes-event-driven-autoscaling/" "Mozilla/5.0 (X11; Linux x86_64) AppleWebKit/537.36 (KHTML, like Gecko) Chrome/131.0.6778.264 Safari/537.36 (compatible; Googlebot/2.1; +http://www.google.com/bot.html)"
66.249.66.199 - - [29/Jan/2025:04:32:33 +0000] "GET /wp-content/themes/betheme/js/scripts.min.js?ver=27.5.9 HTTP/1.1" 200 19870 "https://rootly.com/2024/12/30/keda-kubernetes-event-driven-autoscaling/" "Mozilla/5.0 (X11; Linux x86_64) AppleWebKit/537.36 (KHTML, like Gecko) Chrome/131.0.6778.264 Safari/537.36 (compatible; Googlebot/2.1; +http://www.google.com/bot.html)"
66.249.66.199 - - [29/Jan/2025:04:32:33 +0000] "GET /wp-content/uploads/2024/12/37-150x150.png HTTP/1.1" 200 36767 "https://rootly.com/2024/12/30/keda-kubernetes-event-driven-autoscaling/" "Mozilla/5.0 (X11; Linux x86_64) AppleWebKit/537.36 (KHTML, like Gecko) Chrome/131.0.6778.264 Safari/537.36 (compatible; Googlebot/2.1; +http://www.google.com/bot.html)"
66.249.66.198 - - [29/Jan/2025:04:32:34 +0000] "GET /wp-content/themes/betheme/js/plugins/magnificpopup.min.js?ver=27.5.9 HTTP/1.1" 200 7689 "https://rootly.com/2024/12/30/keda-kubernetes-event-driven-autoscaling/" "Mozilla/5.0 (X11; Linux x86_64) AppleWebKit/537.36 (KHTML, like Gecko) Chrome/131.0.6778.264 Safari/537.36 (compatible; Googlebot/2.1; +http://www.google.com/bot.html)"
66.249.66.198 - - [29/Jan/2025:04:32:34 +0000] "GET /wp-content/themes/betheme/js/menu.min.js?ver=27.5.9 HTTP/1.1" 200 1024 "https://rootly.com/2024/12/30/keda-kubernetes-event-driven-autoscaling/" "Mozilla/5.0 (X11; Linux x86_64) AppleWebKit/537.36 (KHTML, like Gecko) Chrome/131.0.6778.264 Safari/537.36 (compatible; Googlebot/2.1; +http://www.google.com/bot.html)"
66.249.66.198 - - [29/Jan/2025:04:32:35 +0000] "GET /wp-content/themes/betheme/js/plugins/debouncedresize.min.js?ver=27.5.9 HTTP/1.1" 200 661 "https://rootly.com/2024/12/30/keda-kubernetes-event-driven-autoscaling/" "Mozilla/5.0 (X11; Linux x86_64) AppleWebKit/537.36 (KHTML, like Gecko) Chrome/131.0.6778.264 Safari/537.36 (compatible; Googlebot/2.1; +http://www.google.com/bot.html)"
66.249.66.199 - - [29/Jan/2025:04:32:35 +0000] "GET /wp-content/themes/betheme/fonts/mfn/icons.woff2?11083851 HTTP/1.1" 200 72645 "https://rootly.com/wp-content/themes/betheme/css/be.min.css?ver=27.5.9" "Mozilla/5.0 (X11; Linux x86_64) AppleWebKit/537.36 (KHTML, like Gecko) Chrome/131.0.6778.264 Safari/537.36 (compatible; Googlebot/2.1; +http://www.google.com/bot.html)"
147.185.133.201 - - [29/Jan/2025:04:33:39 +0000] "GET / HTTP/1.1" 200 30999 "-" "Expanse, a Palo Alto Networks company, searches across the global IPv4 space multiple times per day to identify customers&#39; presences on the Internet. If you would like to be excluded from our scans, please send IP addresses/domains to: scaninfo@paloaltonetworks.com"
195.191.219.130 - - [29/Jan/2025:04:34:49 +0000] "GET /robots.txt HTTP/1.1" 200 446 "-" "Mozilla/5.0 (compatible; MJ12bot/v1.4.8; http://mj12bot.com/)"
195.191.219.130 - - [29/Jan/2025:04:34:52 +0000] "GET / HTTP/1.1" 301 539 "-" "Mozilla/5.0 (compatible; MJ12bot/v1.4.8; http://mj12bot.com/)"
195.191.219.130 - - [29/Jan/2025:04:34:54 +0000] "GET /robots.txt HTTP/1.1" 200 3620 "-" "Mozilla/5.0 (compatible; MJ12bot/v1.4.8; http://mj12bot.com/)"
195.191.219.130 - - [29/Jan/2025:04:34:56 +0000] "GET / HTTP/1.1" 200 11648 "-" "Mozilla/5.0 (compatible; MJ12bot/v1.4.8; http://mj12bot.com/)"
195.191.219.130 - - [29/Jan/2025:04:35:05 +0000] "GET / HTTP/1.1" 200 14720 "-" "Mozilla/5.0 (compatible; MJ12bot/v1.4.8; http://mj12bot.com/)"
141.255.166.90 - - [29/Jan/2025:04:38:09 +0000] "GET / HTTP/1.1" 301 515 "-" "-"
51.8.102.129 - - [29/Jan/2025:04:40:08 +0000] "GET /2024/10/17/road-to-kubecon-na-2024-whitney-lee/ HTTP/1.1" 200 28925 "-" "Mozilla/5.0 (Macintosh; Intel Mac OS X 10_15_7) AppleWebKit/537.36 (KHTML, like Gecko) Chrome/131.0.0.0 Safari/537.36; compatible; OAI-SearchBot/1.0; +https://openai.com/searchbot"
15.235.49.49 - - [29/Jan/2025:04:40:08 +0000] "POST /wp-cron.php?doing_wp_cron=1738125608.9466950893402099609375 HTTP/1.1" 200 3721 "-" "WordPress/6.5.5; https://www.sylvainkalache.com"
54.238.156.239 - - [29/Jan/2025:04:40:08 +0000] "POST /wp-login.php HTTP/1.1" 200 5681 "https://www.sylvainkalache.com/" "Mozilla/5.0 (Windows NT 6.1; WOW64; Trident/7.0; rv:11.0) like Gecko"
54.238.156.239 - - [29/Jan/2025:04:40:10 +0000] "POST /wp-login.php HTTP/1.1" 200 5711 "https://www.sylvainkalache.com/" "Mozilla/5.0 (Windows NT 6.1; WOW64; Trident/7.0; rv:11.0) like Gecko"
146.19.24.168 - - [29/Jan/2025:04:42:16 +0000] "GET / HTTP/1.1" 301 515 "-" "-"
13.67.117.97 - - [29/Jan/2025:04:42:48 +0000] "GET /wp-login.php HTTP/1.1" 200 8836 "-" "-"
51.222.253.20 - - [29/Jan/2025:04:43:42 +0000] "GET /2025/01/16/road-to-kubecon-na-2024-valentina-rodriguez-sosa/ HTTP/1.1" 200 24800 "-" "Mozilla/5.0 (compatible; AhrefsBot/7.0; +http://ahrefs.com/robot/)"
162.158.127.11 - - [29/Jan/2025:04:50:55 +0000] "POST /wp-admin/admin-ajax.php?action=podcast_player_bg_jobs&nonce=081eb82c8c HTTP/1.1" 401 4149 "-" "WordPress/6.7.1; https://rootly.com"
162.158.127.179 - - [29/Jan/2025:04:50:55 +0000] "POST /wp-cron.php?doing_wp_cron=1738126254.8755640983581542968750 HTTP/1.1" 200 3751 "-" "WordPress/6.7.1; https://rootly.com"
162.158.127.47 - - [29/Jan/2025:04:50:55 +0000] "POST /wp-admin/admin-ajax.php?action=podcast_player_bg_jobs&nonce=081eb82c8c HTTP/1.1" 401 4149 "-" "WordPress/6.7.1; https://rootly.com"
162.158.127.12 - - [29/Jan/2025:04:50:55 +0000] "POST /wp-cron.php?doing_wp_cron=1738126254.8769860267639160156250 HTTP/1.1" 200 3751 "-" "WordPress/6.7.1; https://rootly.com"
162.158.127.47 - - [29/Jan/2025:04:50:55 +0000] "POST /wp-admin/admin-ajax.php?action=podcast_player_bg_jobs&nonce=081eb82c8c HTTP/1.1" 401 830 "-" "WordPress/6.7.1; https://rootly.com"
172.69.59.10 - - [29/Jan/2025:04:50:54 +0000] "GET / HTTP/1.1" 200 27751 "-" "curl/7.61.1"
162.158.127.47 - - [29/Jan/2025:04:50:55 +0000] "POST /wp-admin/admin-ajax.php?action=podcast_player_bg_jobs&nonce=081eb82c8c HTTP/1.1" 401 830 "-" "WordPress/6.7.1; https://rootly.com"
172.70.100.140 - - [29/Jan/2025:04:50:54 +0000] "GET / HTTP/1.1" 200 27751 "-" "curl/7.61.1"
162.158.127.153 - - [29/Jan/2025:04:57:33 +0000] "POST /wp-cron.php?doing_wp_cron=1738126653.1657071113586425781250 HTTP/1.1" 200 3734 "-" "WordPress/6.7.1; https://rootly.com"
45.144.212.139 - - [29/Jan/2025:04:57:33 +0000] "GET /.git/refs/ HTTP/1.1" 404 98288 "-" "Mozilla/5.0 (Windows NT 10.0; Win64; x64) AppleWebKit/537.36 (KHTML, like Gecko) Chrome/77.0.3865.42 Safari/537.36"
162.158.127.48 - - [29/Jan/2025:04:58:17 +0000] "POST /wp-admin/admin-ajax.php?action=podcast_player_bg_jobs&nonce=081eb82c8c HTTP/1.1" 401 4149 "-" "WordPress/6.7.1; https://rootly.com"
172.71.178.138 - - [29/Jan/2025:04:58:17 +0000] "GET / HTTP/1.1" 200 27753 "http://rootly.com" "Mozilla/5.0 (iPhone; CPU iPhone OS 13_2_3 like Mac OS X) AppleWebKit/605.1.15 (KHTML, like Gecko) Version/13.0.3 Mobile/15E148 Safari/604.1"
5.160.247.200 - - [29/Jan/2025:04:58:53 +0000] "GET /wp-login.php HTTP/1.1" 301 3674 "-" "GRequests/0.10"
5.160.247.200 - - [29/Jan/2025:04:58:54 +0000] "GET /wp-login.php HTTP/1.1" 200 5716 "https://sylvainkalache.com/wp-login.php" "GRequests/0.10"
5.160.247.200 - - [29/Jan/2025:04:58:54 +0000] "POST /wp-login.php HTTP/1.1" 301 380 "-" "GRequests/0.10"
5.160.247.200 - - [29/Jan/2025:04:58:55 +0000] "GET /wp-login.php HTTP/1.1" 200 5716 "https://sylvainkalache.com/wp-login.php" "GRequests/0.10"
5.160.247.200 - - [29/Jan/2025:04:58:55 +0000] "GET /wp-admin/ HTTP/1.1" 401 771 "-" "GRequests/0.10"
66.249.93.12 - - [29/Jan/2025:04:59:52 +0000] "HEAD /feed/rss HTTP/1.1" 301 370 "-" "FeedBurner/1.0 (http://www.FeedBurner.com)"
66.249.93.11 - - [29/Jan/2025:04:59:52 +0000] "HEAD /feed/ HTTP/1.1" 200 357 "-" "FeedBurner/1.0 (http://www.FeedBurner.com)"
15.235.49.49 - - [29/Jan/2025:05:06:48 +0000] "POST /wp-cron.php?doing_wp_cron=1738127208.0751130580902099609375 HTTP/1.1" 200 3568 "-" "WordPress/6.7.1; https://rootly.com"
157.55.39.60 - - [29/Jan/2025:05:06:47 +0000] "GET /category-sitemap.xml HTTP/1.1" 200 4060 "-" "Mozilla/5.0 AppleWebKit/537.36 (KHTML, like Gecko; compatible; bingbot/2.0; +http://www.bing.com/bingbot.htm) Chrome/116.0.1938.76 Safari/537.36"
157.55.39.60 - - [29/Jan/2025:05:06:48 +0000] "GET /post-sitemap.xml HTTP/1.1" 200 1703 "-" "Mozilla/5.0 AppleWebKit/537.36 (KHTML, like Gecko; compatible; bingbot/2.0; +http://www.bing.com/bingbot.htm) Chrome/116.0.1938.76 Safari/537.36"
52.167.144.204 - - [29/Jan/2025:05:06:52 +0000] "GET /sitemap.xml HTTP/1.1" 301 3639 "-" "Mozilla/5.0 AppleWebKit/537.36 (KHTML, like Gecko; compatible; bingbot/2.0; +http://www.bing.com/bingbot.htm) Chrome/116.0.1938.76 Safari/537.36"
52.167.144.204 - - [29/Jan/2025:05:06:52 +0000] "GET /sitemap_index.xml HTTP/1.1" 200 589 "-" "Mozilla/5.0 AppleWebKit/537.36 (KHTML, like Gecko; compatible; bingbot/2.0; +http://www.bing.com/bingbot.htm) Chrome/116.0.1938.76 Safari/537.36"
52.167.144.204 - - [29/Jan/2025:05:06:53 +0000] "GET /sitemap_index.xml HTTP/1.1" 200 589 "-" "Mozilla/5.0 AppleWebKit/537.36 (KHTML, like Gecko; compatible; bingbot/2.0; +http://www.bing.com/bingbot.htm) Chrome/116.0.1938.76 Safari/537.36"
162.158.127.12 - - [29/Jan/2025:05:16:26 +0000] "POST /wp-admin/admin-ajax.php?action=podcast_player_bg_jobs&nonce=081eb82c8c HTTP/1.1" 401 4149 "-" "WordPress/6.7.1; https://rootly.com"
172.69.59.79 - - [29/Jan/2025:05:16:26 +0000] "GET / HTTP/1.1" 200 27751 "-" "Mozilla/5.0 (X11; Linux x86_64) AppleWebKit/537.36 (KHTML, like Gecko) Chrome/59.0.3071.104 Safari/537.36"
162.158.127.48 - - [29/Jan/2025:05:16:27 +0000] "POST /wp-admin/admin-ajax.php?action=podcast_player_bg_jobs&nonce=081eb82c8c HTTP/1.1" 401 4149 "-" "WordPress/6.7.1; https://rootly.com"
172.70.131.159 - - [29/Jan/2025:05:16:27 +0000] "GET / HTTP/1.1" 200 27751 "-" "Mozilla/5.0 (X11; Linux x86_64) AppleWebKit/537.36 (KHTML, like Gecko) Chrome/59.0.3071.104 Safari/537.36"
162.158.127.12 - - [29/Jan/2025:05:16:28 +0000] "POST /wp-admin/admin-ajax.php?action=podcast_player_bg_jobs&nonce=081eb82c8c HTTP/1.1" 401 830 "-" "WordPress/6.7.1; https://rootly.com"
172.71.254.200 - - [29/Jan/2025:05:16:28 +0000] "GET / HTTP/1.1" 200 27751 "-" "Mozilla/5.0 (Linux; U; Android 4.0.3; de-de; Galaxy S II Build/GRJ22) AppleWebKit/534.30 (KHTML, like Gecko) Version/4.0 Mobile Safari/534.30"
172.70.126.8 - - [29/Jan/2025:05:16:29 +0000] "GET /wp-content/uploads/betheme/fonts/mfn-local-fonts.css?ver=1 HTTP/1.1" 200 4181 "https://rootly.com/" "Mozilla/5.0 (Linux; U; Android 4.0.3; de-de; Galaxy S II Build/GRJ22) AppleWebKit/534.30 (KHTML, like Gecko) Version/4.0 Mobile Safari/534.30"
172.70.131.97 - - [29/Jan/2025:05:16:29 +0000] "GET /wp-content/themes/betheme/css/responsive.min.css?ver=27.3.9 HTTP/1.1" 200 13504 "https://rootly.com/" "Mozilla/5.0 (Linux; U; Android 4.0.3; de-de; Galaxy S II Build/GRJ22) AppleWebKit/534.30 (KHTML, like Gecko) Version/4.0 Mobile Safari/534.30"
